Archive member included because of file (symbol)

contiki-wismote.a(contiki-wismote)
                              obj_wismote/contiki-wismote-main.o (init_platform)
contiki-wismote.a(button-sensor.o)
                              contiki-wismote.a(contiki-wismote) (button_sensor)
contiki-wismote.a(node-id.o)  obj_wismote/contiki-wismote-main.o (node_id)
contiki-wismote.a(sensors.o)  contiki-wismote.a(button-sensor.o) (sensors_changed)
contiki-wismote.a(cc2520.o)   obj_wismote/contiki-wismote-main.o (cc2520_set_channel)
contiki-wismote.a(cc2520-arch.o)
                              contiki-wismote.a(cc2520.o) (cc2520_arch_init)
contiki-wismote.a(uart1.o)    obj_wismote/contiki-wismote-main.o (uart1_active)
contiki-wismote.a(uart1-putchar.o)
                              obj_wismote/contiki-wismote-main.o (putchar)
contiki-wismote.a(msp430.o)   obj_wismote/contiki-wismote-main.o (msp430_cpu_init)
contiki-wismote.a(clock.o)    obj_wismote/contiki-wismote-main.o (clock_init)
contiki-wismote.a(leds.o)     obj_wismote/contiki-wismote-main.o (leds_init)
contiki-wismote.a(leds-arch.o)
                              contiki-wismote.a(leds.o) (leds_arch_init)
contiki-wismote.a(watchdog.o)
                              obj_wismote/contiki-wismote-main.o (watchdog_start)
contiki-wismote.a(rtimer-arch.o)
                              obj_wismote/contiki-wismote-main.o (rtimer_arch_now)
contiki-wismote.a(autostart.o)
                              obj_wismote/contiki-wismote-main.o (autostart_start)
contiki-wismote.a(ctimer.o)   obj_wismote/contiki-wismote-main.o (ctimer_init)
contiki-wismote.a(energest.o)
                              obj_wismote/contiki-wismote-main.o (energest_init)
contiki-wismote.a(etimer.o)   contiki-wismote.a(clock.o) (etimer_request_poll)
contiki-wismote.a(process.o)  udp-client.co (process_current)
contiki-wismote.a(rtimer.o)   obj_wismote/contiki-wismote-main.o (rtimer_init)
contiki-wismote.a(stimer.o)   udp-client.co (stimer_set)
contiki-wismote.a(timer.o)    contiki-wismote.a(button-sensor.o) (timer_set)
contiki-wismote.a(list.o)     contiki-wismote.a(ctimer.o) (list_init)
contiki-wismote.a(random.o)   udp-client.co (random_rand)
contiki-wismote.a(linkaddr.o)
                              obj_wismote/contiki-wismote-main.o (linkaddr_copy)
contiki-wismote.a(packetbuf.o)
                              contiki-wismote.a(cc2520.o) (packetbuf_set_datalen)
contiki-wismote.a(queuebuf.o)
                              obj_wismote/contiki-wismote-main.o (queuebuf_init)
contiki-wismote.a(tcpip.o)    udp-client.co (udp_new)
contiki-wismote.a(uip-udp-packet.)
                              udp-client.co (uip_udp_packet_sendto)
contiki-wismote.a(sicslowpan.o)
                              obj_wismote/contiki-wismote-main.o (sicslowpan_driver)
contiki-wismote.a(uip6.o)     udp-client.co (uip_aligned_buf)
contiki-wismote.a(uip-ds6.o)  contiki-wismote.a(tcpip.o) (uip_ds6_is_addr_onlink)
contiki-wismote.a(uip-ds6-nbr.o)
                              contiki-wismote.a(uip-ds6.o) (uip_ds6_neighbors_init)
contiki-wismote.a(uip-ds6-route.o)
                              contiki-wismote.a(uip-ds6.o) (uip_ds6_route_init)
contiki-wismote.a(uip-icmp6.o)
                              contiki-wismote.a(uip6.o) (uip_icmp6_input)
contiki-wismote.a(uip-nd6.o)  contiki-wismote.a(tcpip.o) (uip_nd6_ns_output)
contiki-wismote.a(csma.o)     obj_wismote/contiki-wismote-main.o (csma_driver)
contiki-wismote.a(framer-802154.o)
                              contiki-wismote.a(sicslowpan.o) (framer_802154)
contiki-wismote.a(mac.o)      contiki-wismote.a(csma.o) (mac_call_sent_callback)
contiki-wismote.a(contikimac.o)
                              obj_wismote/contiki-wismote-main.o (contikimac_driver)
contiki-wismote.a(rpl.o)      contiki-wismote.a(uip-ds6-nbr.o) (rpl_link_neighbor_callback)
contiki-wismote.a(rpl-dag.o)  contiki-wismote.a(rpl.o) (rpl_dag_init)
contiki-wismote.a(rpl-ext-header.)
                              contiki-wismote.a(uip6.o) (rpl_verify_header)
contiki-wismote.a(rpl-icmp6.o)
                              contiki-wismote.a(rpl.o) (dao_output_target)
contiki-wismote.a(rpl-mrhof.o)
                              contiki-wismote.a(rpl.o) (rpl_mrhof)
contiki-wismote.a(rpl-timers.o)
                              contiki-wismote.a(rpl.o) (rpl_reset_periodic_timer)
contiki-wismote.a(spi.o)      contiki-wismote.a(cc2520-arch.o) (spi_init)
contiki-wismote.a(compower.o)
                              contiki-wismote.a(contikimac.o) (compower_idle_activity)
contiki-wismote.a(memb.o)     contiki-wismote.a(queuebuf.o) (memb_init)
contiki-wismote.a(nbr-table.o)
                              contiki-wismote.a(uip-ds6-nbr.o) (nbr_table_register)
contiki-wismote.a(uip-debug.o)
                              contiki-wismote.a(uip-ds6-route.o) (uip_debug_ipaddr_print)
contiki-wismote.a(frame802154.o)
                              contiki-wismote.a(framer-802154.o) (frame802154_hdrlen)
contiki-wismote.a(mac-sequence.o)
[...]
Memory Configuration

Name             Origin             Length             Attributes
sfr              0x00000000         0x00000010
peripheral_8bit  0x00000010         0x000000f0
peripheral_16bit 0x00000100         0x00000100
bsl              0x00001000         0x00000800
infomem          0x00001800         0x00000200
infod            0x00001800         0x00000080
infoc            0x00001880         0x00000080
infob            0x00001900         0x00000080
infoa            0x00001980         0x00000080
ram              0x00001c00         0x00004000         xw
rom              0x00005c00         0x0000a380         xr
vectors          0x0000ff80         0x00000080
far_rom          0x00010000         0x00035c00
ram2             0x00000000         0x00000000         xw
ram_mirror       0x00000000         0x00000000         xw
usbram           0x00000000         0x00000000         xw
*default*        0x00000000         0xffffffff

Linker script and memory map

LOAD /usr/share/msp430/bin/../lib/gcc/msp430/4.7.0/mcpu-430x/mmpy-16/msr20/mc20/crt0ivtbl64.o
LOAD udp-client.co
LOAD obj_wismote/contiki-wismote-main.o
LOAD contiki-wismote.a
LOAD /usr/share/msp430/bin/../lib/gcc/msp430/4.7.0/mcpu-430x/mmpy-16/msr20/mc20/libgcc.a
LOAD /usr/share/msp430/bin/../lib/gcc/msp430/4.7.0/../../../../msp430/lib/mcpu-430x/mmpy-16/msr20/mc20/libc.a
LOAD /usr/share/msp430/bin/../lib/gcc/msp430/4.7.0/mcpu-430x/mmpy-16/msr20/mc20/libgcc.a
LOAD /usr/share/msp430/bin/../lib/gcc/msp430/4.7.0/mcpu-430x/mmpy-16/msr20/mc20/libcrt0.a
                0x00000080                PROVIDE (__info_segment_size, 0x80)
                0x00001800                PROVIDE (__infod, 0x1800)
                0x00001880                PROVIDE (__infoc, 0x1880)
                0x00001900                PROVIDE (__infob, 0x1900)
                0x00001980                PROVIDE (__infoa, 0x1980)
                0x00000700                __ADC12CTL0_L = 0x700
                0x00000701                __ADC12CTL0_H = 0x701
                0x00000700                __ADC12CTL0 = 0x700
                0x00000702                __ADC12CTL1_L = 0x702
                0x00000703                __ADC12CTL1_H = 0x703
                0x00000702                __ADC12CTL1 = 0x702
                0x00000704                __ADC12CTL2_L = 0x704
                0x00000705                __ADC12CTL2_H = 0x705
                0x00000704                __ADC12CTL2 = 0x704
                0x0000070a                __ADC12IFG_L = 0x70a
                0x0000070b                __ADC12IFG_H = 0x70b
                0x0000070a                __ADC12IFG = 0x70a
                0x0000070c                __ADC12IE_L = 0x70c
                0x0000070d                __ADC12IE_H = 0x70d
                0x0000070c                __ADC12IE = 0x70c
                0x0000070e                __ADC12IV_L = 0x70e
                0x0000070f                __ADC12IV_H = 0x70f
                0x0000070e                __ADC12IV = 0x70e
                0x00000720                __ADC12MEM0_L = 0x720
                0x00000721                __ADC12MEM0_H = 0x721
                0x00000720                __ADC12MEM0 = 0x720
                0x00000722                __ADC12MEM1_L = 0x722
                0x00000723                __ADC12MEM1_H = 0x723
                0x00000722                __ADC12MEM1 = 0x722
                0x00000724                __ADC12MEM2_L = 0x724
                0x00000725                __ADC12MEM2_H = 0x725
                0x00000724                __ADC12MEM2 = 0x724
                0x00000726                __ADC12MEM3_L = 0x726
                0x00000727                __ADC12MEM3_H = 0x727
                0x00000726                __ADC12MEM3 = 0x726
                0x00000728                __ADC12MEM4_L = 0x728
                0x00000729                __ADC12MEM4_H = 0x729
                0x00000728                __ADC12MEM4 = 0x728
                0x0000072a                __ADC12MEM5_L = 0x72a
                0x0000072b                __ADC12MEM5_H = 0x72b
                0x0000072a                __ADC12MEM5 = 0x72a
                0x0000072c                __ADC12MEM6_L = 0x72c
                0x0000072d                __ADC12MEM6_H = 0x72d
                0x0000072c                __ADC12MEM6 = 0x72c
                0x0000072e                __ADC12MEM7_L = 0x72e
                0x0000072f                __ADC12MEM7_H = 0x72f
                0x0000072e                __ADC12MEM7 = 0x72e
                0x00000730                __ADC12MEM8_L = 0x730
                0x00000731                __ADC12MEM8_H = 0x731
                0x00000730                __ADC12MEM8 = 0x730
                0x00000732                __ADC12MEM9_L = 0x732
                0x00000733                __ADC12MEM9_H = 0x733
                0x00000732                __ADC12MEM9 = 0x732
                0x00000734                __ADC12MEM10_L = 0x734
                0x00000735                __ADC12MEM10_H = 0x735
                0x00000734                __ADC12MEM10 = 0x734
                0x00000736                __ADC12MEM11_L = 0x736
                0x00000737                __ADC12MEM11_H = 0x737
                0x00000736                __ADC12MEM11 = 0x736
                0x00000738                __ADC12MEM12_L = 0x738
                0x00000739                __ADC12MEM12_H = 0x739
                0x00000738                __ADC12MEM12 = 0x738
                0x0000073a                __ADC12MEM13_L = 0x73a
                0x0000073b                __ADC12MEM13_H = 0x73b
                0x0000073a                __ADC12MEM13 = 0x73a
                0x0000073c                __ADC12MEM14_L = 0x73c
                0x0000073d                __ADC12MEM14_H = 0x73d
                0x0000073c                __ADC12MEM14 = 0x73c
                0x0000073e                __ADC12MEM15_L = 0x73e
                0x0000073f                __ADC12MEM15_H = 0x73f
                0x0000073e                __ADC12MEM15 = 0x73e
                0x00000710                __ADC12MCTL0 = 0x710
                0x00000711                __ADC12MCTL1 = 0x711
                0x00000712                __ADC12MCTL2 = 0x712
                0x00000713                __ADC12MCTL3 = 0x713
                0x00000714                __ADC12MCTL4 = 0x714
                0x00000715                __ADC12MCTL5 = 0x715
                0x00000716                __ADC12MCTL6 = 0x716
                0x00000717                __ADC12MCTL7 = 0x717
                0x00000718                __ADC12MCTL8 = 0x718
                0x00000719                __ADC12MCTL9 = 0x719
                0x0000071a                __ADC12MCTL10 = 0x71a
                0x0000071b                __ADC12MCTL11 = 0x71b
                0x0000071c                __ADC12MCTL12 = 0x71c
                0x0000071d                __ADC12MCTL13 = 0x71d
                0x0000071e                __ADC12MCTL14 = 0x71e
                0x0000071f                __ADC12MCTL15 = 0x71f
                0x00000150                __CRCDI_L = 0x150
                0x00000151                __CRCDI_H = 0x151
                0x00000150                __CRCDI = 0x150
                0x00000154                __CRCINIRES_L = 0x154
                0x00000155                __CRCINIRES_H = 0x155
                0x00000154                __CRCINIRES = 0x154
                0x00000500                __DMACTL0_L = 0x500
                0x00000501                __DMACTL0_H = 0x501
                0x00000500                __DMACTL0 = 0x500
                0x00000502                __DMACTL1_L = 0x502
                0x00000503                __DMACTL1_H = 0x503
                0x00000502                __DMACTL1 = 0x502
                0x00000504                __DMACTL2_L = 0x504
                0x00000505                __DMACTL2_H = 0x505
                0x00000504                __DMACTL2 = 0x504
                0x00000506                __DMACTL3_L = 0x506
                0x00000507                __DMACTL3_H = 0x507
                0x00000506                __DMACTL3 = 0x506
                0x00000508                __DMACTL4_L = 0x508
                0x00000509                __DMACTL4_H = 0x509
                0x00000508                __DMACTL4 = 0x508
                0x0000050e                __DMAIV_L = 0x50e
                0x0000050f                __DMAIV_H = 0x50f
                0x0000050e                __DMAIV = 0x50e
                0x00000510                __DMA0CTL_L = 0x510
                0x00000511                __DMA0CTL_H = 0x511
                0x00000510                __DMA0CTL = 0x510
                0x00000512                __DMA0SA = 0x512
                0x00000516                __DMA0DA = 0x516
                0x0000051a                __DMA0SZ = 0x51a
                0x00000520                __DMA1CTL_L = 0x520
                0x00000521                __DMA1CTL_H = 0x521
                0x00000520                __DMA1CTL = 0x520
                0x00000522                __DMA1SA = 0x522
                0x00000526                __DMA1DA = 0x526
                0x0000052a                __DMA1SZ = 0x52a
                0x00000530                __DMA2CTL_L = 0x530
                0x00000531                __DMA2CTL_H = 0x531
                0x00000530                __DMA2CTL = 0x530
                0x00000532                __DMA2SA = 0x532
                0x00000536                __DMA2DA = 0x536
                0x0000053a                __DMA2SZ = 0x53a
                0x00000140                __FCTL1_L = 0x140
                0x00000141                __FCTL1_H = 0x141
                0x00000140                __FCTL1 = 0x140
                0x00000144                __FCTL3_L = 0x144
                0x00000145                __FCTL3_H = 0x145
                0x00000144                __FCTL3 = 0x144
                0x00000146                __FCTL4_L = 0x146
                0x00000147                __FCTL4_H = 0x147
                0x00000146                __FCTL4 = 0x146
                0x000004c0                __MPY_L = 0x4c0
                0x000004c1                __MPY_H = 0x4c1
                0x000004c0                __MPY = 0x4c0
                0x000004c2                __MPYS_L = 0x4c2
                0x000004c3                __MPYS_H = 0x4c3
                0x000004c2                __MPYS = 0x4c2
                0x000004c4                __MAC_L = 0x4c4
                0x000004c5                __MAC_H = 0x4c5
                0x000004c4                __MAC = 0x4c4
                0x000004c6                __MACS_L = 0x4c6
                0x000004c7                __MACS_H = 0x4c7
                0x000004c6                __MACS = 0x4c6
                0x000004c8                __OP2_L = 0x4c8
                0x000004c9                __OP2_H = 0x4c9
                0x000004c8                __OP2 = 0x4c8
                0x000004ca                __RESLO_L = 0x4ca
                0x000004cb                __RESLO_H = 0x4cb
                0x000004ca                __RESLO = 0x4ca
                0x000004cc                __RESHI_L = 0x4cc
                0x000004cd                __RESHI_H = 0x4cd
                0x000004cc                __RESHI = 0x4cc
                0x000004ce                __SUMEXT_L = 0x4ce
                0x000004cf                __SUMEXT_H = 0x4cf
                0x000004ce                __SUMEXT = 0x4ce
                0x000004d0                __MPY32L_L = 0x4d0
                0x000004d1                __MPY32L_H = 0x4d1
                0x000004d0                __MPY32L = 0x4d0
                0x000004d2                __MPY32H_L = 0x4d2
                0x000004d3                __MPY32H_H = 0x4d3
                0x000004d2                __MPY32H = 0x4d2
                0x000004d4                __MPYS32L_L = 0x4d4
                0x000004d5                __MPYS32L_H = 0x4d5
                0x000004d4                __MPYS32L = 0x4d4
                0x000004d6                __MPYS32H_L = 0x4d6
                0x000004d7                __MPYS32H_H = 0x4d7
                0x000004d6                __MPYS32H = 0x4d6
                0x000004d8                __MAC32L_L = 0x4d8
                0x000004d9                __MAC32L_H = 0x4d9
                0x000004d8                __MAC32L = 0x4d8
                0x000004da                __MAC32H_L = 0x4da
                0x000004db                __MAC32H_H = 0x4db
                0x000004da                __MAC32H = 0x4da
                0x000004dc                __MACS32L_L = 0x4dc
                0x000004dd                __MACS32L_H = 0x4dd
                0x000004dc                __MACS32L = 0x4dc
                0x000004de                __MACS32H_L = 0x4de
                0x000004df                __MACS32H_H = 0x4df
                0x000004de                __MACS32H = 0x4de
                0x000004e0                __OP2L_L = 0x4e0
                0x000004e1                __OP2L_H = 0x4e1
                0x000004e0                __OP2L = 0x4e0
                0x000004e2                __OP2H_L = 0x4e2
                0x000004e3                __OP2H_H = 0x4e3
                0x000004e2                __OP2H = 0x4e2
                0x000004e4                __RES0_L = 0x4e4
                0x000004e5                __RES0_H = 0x4e5
                0x000004e4                __RES0 = 0x4e4
                0x000004e6                __RES1_L = 0x4e6
                0x000004e7                __RES1_H = 0x4e7
                0x000004e6                __RES1 = 0x4e6
                0x000004e8                __RES2_L = 0x4e8
                0x000004e9                __RES2_H = 0x4e9
                0x000004e8                __RES2 = 0x4e8
                0x000004ea                __RES3_L = 0x4ea
                0x000004eb                __RES3_H = 0x4eb
                0x000004ea                __RES3 = 0x4ea
                0x000004ec                __MPY32CTL0_L = 0x4ec
                0x000004ed                __MPY32CTL0_H = 0x4ed
                0x000004ec                __MPY32CTL0 = 0x4ec
                0x00000200                __PAIN_L = 0x200
                0x00000201                __PAIN_H = 0x201
                0x00000200                __PAIN = 0x200
                0x00000202                __PAOUT_L = 0x202
                0x00000203                __PAOUT_H = 0x203
                0x00000202                __PAOUT = 0x202
                0x00000204                __PADIR_L = 0x204
                0x00000205                __PADIR_H = 0x205
                0x00000204                __PADIR = 0x204
                0x00000206                __PAREN_L = 0x206
                0x00000207                __PAREN_H = 0x207
                0x00000206                __PAREN = 0x206
                0x00000208                __PADS_L = 0x208
                0x00000209                __PADS_H = 0x209
                0x00000208                __PADS = 0x208
                0x0000020a                __PASEL_L = 0x20a
                0x0000020b                __PASEL_H = 0x20b
                0x0000020a                __PASEL = 0x20a
                0x00000218                __PAIES_L = 0x218
                0x00000219                __PAIES_H = 0x219
                0x00000218                __PAIES = 0x218
                0x0000021a                __PAIE_L = 0x21a
                0x0000021b                __PAIE_H = 0x21b
                0x0000021a                __PAIE = 0x21a
                0x0000021c                __PAIFG_L = 0x21c
                0x0000021d                __PAIFG_H = 0x21d
                0x0000021c                __PAIFG = 0x21c
                0x0000020e                __P1IV = 0x20e
                0x0000021e                __P2IV = 0x21e
                0x00000220                __PBIN_L = 0x220
                0x00000221                __PBIN_H = 0x221
                0x00000220                __PBIN = 0x220
                0x00000222                __PBOUT_L = 0x222
                0x00000223                __PBOUT_H = 0x223
                0x00000222                __PBOUT = 0x222
                0x00000224                __PBDIR_L = 0x224
                0x00000225                __PBDIR_H = 0x225
                0x00000224                __PBDIR = 0x224
                0x00000226                __PBREN_L = 0x226
                0x00000227                __PBREN_H = 0x227
                0x00000226                __PBREN = 0x226
                0x00000228                __PBDS_L = 0x228
                0x00000229                __PBDS_H = 0x229
                0x00000228                __PBDS = 0x228
                0x0000022a                __PBSEL_L = 0x22a
                0x0000022b                __PBSEL_H = 0x22b
                0x0000022a                __PBSEL = 0x22a
                0x00000240                __PCIN_L = 0x240
                0x00000241                __PCIN_H = 0x241
                0x00000240                __PCIN = 0x240
                0x00000242                __PCOUT_L = 0x242
                0x00000243                __PCOUT_H = 0x243
                0x00000242                __PCOUT = 0x242
                0x00000244                __PCDIR_L = 0x244
                0x00000245                __PCDIR_H = 0x245
                0x00000244                __PCDIR = 0x244
                0x00000246                __PCREN_L = 0x246
                0x00000247                __PCREN_H = 0x247
                0x00000246                __PCREN = 0x246
                0x00000248                __PCDS_L = 0x248
                0x00000249                __PCDS_H = 0x249
                0x00000248                __PCDS = 0x248
                0x0000024a                __PCSEL_L = 0x24a
                0x0000024b                __PCSEL_H = 0x24b
                0x0000024a                __PCSEL = 0x24a
                0x00000260                __PDIN_L = 0x260
                0x00000261                __PDIN_H = 0x261
                0x00000260                __PDIN = 0x260
                0x00000262                __PDOUT_L = 0x262
                0x00000263                __PDOUT_H = 0x263
                0x00000262                __PDOUT = 0x262
                0x00000264                __PDDIR_L = 0x264
                0x00000265                __PDDIR_H = 0x265
                0x00000264                __PDDIR = 0x264
                0x00000266                __PDREN_L = 0x266
                0x00000267                __PDREN_H = 0x267
                0x00000266                __PDREN = 0x266
                0x00000268                __PDDS_L = 0x268
                0x00000269                __PDDS_H = 0x269
                0x00000268                __PDDS = 0x268
                0x0000026a                __PDSEL_L = 0x26a
                0x0000026b                __PDSEL_H = 0x26b
                0x0000026a                __PDSEL = 0x26a
                0x00000280                __PEIN_L = 0x280
                0x00000281                __PEIN_H = 0x281
                0x00000280                __PEIN = 0x280
                0x00000282                __PEOUT_L = 0x282
                0x00000283                __PEOUT_H = 0x283
                0x00000282                __PEOUT = 0x282
                0x00000284                __PEDIR_L = 0x284
                0x00000285                __PEDIR_H = 0x285
                0x00000284                __PEDIR = 0x284
                0x00000286                __PEREN_L = 0x286
                0x00000287                __PEREN_H = 0x287
                0x00000286                __PEREN = 0x286
                0x00000288                __PEDS_L = 0x288
                0x00000289                __PEDS_H = 0x289
                0x00000288                __PEDS = 0x288
                0x0000028a                __PESEL_L = 0x28a
                0x0000028b                __PESEL_H = 0x28b
                0x0000028a                __PESEL = 0x28a
                0x000002a0                __PFIN_L = 0x2a0
                0x000002a1                __PFIN_H = 0x2a1
                0x000002a0                __PFIN = 0x2a0
                0x000002a2                __PFOUT_L = 0x2a2
                0x000002a3                __PFOUT_H = 0x2a3
                0x000002a2                __PFOUT = 0x2a2
                0x000002a4                __PFDIR_L = 0x2a4
                0x000002a5                __PFDIR_H = 0x2a5
                0x000002a4                __PFDIR = 0x2a4
                0x000002a6                __PFREN_L = 0x2a6
                0x000002a7                __PFREN_H = 0x2a7
                0x000002a6                __PFREN = 0x2a6
                0x000002a8                __PFDS_L = 0x2a8
                0x000002a9                __PFDS_H = 0x2a9
                0x000002a8                __PFDS = 0x2a8
                0x000002aa                __PFSEL_L = 0x2aa
                0x000002ab                __PFSEL_H = 0x2ab
                0x000002aa                __PFSEL = 0x2aa
                0x00000320                __PJIN_L = 0x320
                0x00000321                __PJIN_H = 0x321
                0x00000320                __PJIN = 0x320
                0x00000322                __PJOUT_L = 0x322
                0x00000323                __PJOUT_H = 0x323
                0x00000322                __PJOUT = 0x322
                0x00000324                __PJDIR_L = 0x324
                0x00000325                __PJDIR_H = 0x325
                0x00000324                __PJDIR = 0x324
                0x00000326                __PJREN_L = 0x326
                0x00000327                __PJREN_H = 0x327
                0x00000326                __PJREN = 0x326
                0x00000328                __PJDS_L = 0x328
                0x00000329                __PJDS_H = 0x329
                0x00000328                __PJDS = 0x328
                0x00000120                __PMMCTL0_L = 0x120
                0x00000121                __PMMCTL0_H = 0x121
                0x00000120                __PMMCTL0 = 0x120
                0x00000122                __PMMCTL1_L = 0x122
                0x00000123                __PMMCTL1_H = 0x123
                0x00000122                __PMMCTL1 = 0x122
                0x00000124                __SVSMHCTL_L = 0x124
                0x00000125                __SVSMHCTL_H = 0x125
                0x00000124                __SVSMHCTL = 0x124
                0x00000126                __SVSMLCTL_L = 0x126
                0x00000127                __SVSMLCTL_H = 0x127
                0x00000126                __SVSMLCTL = 0x126
                0x00000128                __SVSMIO_L = 0x128
                0x00000129                __SVSMIO_H = 0x129
                0x00000128                __SVSMIO = 0x128
                0x0000012c                __PMMIFG_L = 0x12c
                0x0000012d                __PMMIFG_H = 0x12d
                0x0000012c                __PMMIFG = 0x12c
                0x0000012e                __PMMRIE_L = 0x12e
                0x0000012f                __PMMRIE_H = 0x12f
                0x0000012e                __PMMRIE = 0x12e
                0x00000158                __RCCTL0_L = 0x158
                0x00000159                __RCCTL0_H = 0x159
                0x00000158                __RCCTL0 = 0x158
                0x000004a0                __RTCCTL01_L = 0x4a0
                0x000004a1                __RTCCTL01_H = 0x4a1
                0x000004a0                __RTCCTL01 = 0x4a0
                0x000004a2                __RTCCTL23_L = 0x4a2
                0x000004a3                __RTCCTL23_H = 0x4a3
                0x000004a2                __RTCCTL23 = 0x4a2
                0x000004a8                __RTCPS0CTL_L = 0x4a8
                0x000004a9                __RTCPS0CTL_H = 0x4a9
                0x000004a8                __RTCPS0CTL = 0x4a8
                0x000004aa                __RTCPS1CTL_L = 0x4aa
                0x000004ab                __RTCPS1CTL_H = 0x4ab
                0x000004aa                __RTCPS1CTL = 0x4aa
                0x000004ac                __RTCPS_L = 0x4ac
                0x000004ad                __RTCPS_H = 0x4ad
                0x000004ac                __RTCPS = 0x4ac
                0x000004ae                __RTCIV = 0x4ae
                0x000004b0                __RTCTIM0_L = 0x4b0
                0x000004b1                __RTCTIM0_H = 0x4b1
                0x000004b0                __RTCTIM0 = 0x4b0
                0x000004b2                __RTCTIM1_L = 0x4b2
                0x000004b3                __RTCTIM1_H = 0x4b3
                0x000004b2                __RTCTIM1 = 0x4b2
                0x000004b4                __RTCDATE_L = 0x4b4
                0x000004b5                __RTCDATE_H = 0x4b5
                0x000004b4                __RTCDATE = 0x4b4
                0x000004b6                __RTCYEAR_L = 0x4b6
                0x000004b7                __RTCYEAR_H = 0x4b7
                0x000004b6                __RTCYEAR = 0x4b6
                0x000004b8                __RTCAMINHR_L = 0x4b8
                0x000004b9                __RTCAMINHR_H = 0x4b9
                0x000004b8                __RTCAMINHR = 0x4b8
                0x000004ba                __RTCADOWDAY_L = 0x4ba
                0x000004bb                __RTCADOWDAY_H = 0x4bb
                0x000004ba                __RTCADOWDAY = 0x4ba
                0x00000100                __SFRIE1_L = 0x100
                0x00000101                __SFRIE1_H = 0x101
                0x00000100                __SFRIE1 = 0x100
                0x00000102                __SFRIFG1_L = 0x102
                0x00000103                __SFRIFG1_H = 0x103
                0x00000102                __SFRIFG1 = 0x102
                0x00000104                __SFRRPCR_L = 0x104
                0x00000105                __SFRRPCR_H = 0x105
                0x00000104                __SFRRPCR = 0x104
                0x00000180                __SYSCTL_L = 0x180
                0x00000181                __SYSCTL_H = 0x181
                0x00000180                __SYSCTL = 0x180
                0x00000182                __SYSBSLC_L = 0x182
                0x00000183                __SYSBSLC_H = 0x183
                0x00000182                __SYSBSLC = 0x182
                0x00000186                __SYSJMBC_L = 0x186
                0x00000187                __SYSJMBC_H = 0x187
                0x00000186                __SYSJMBC = 0x186
                0x00000188                __SYSJMBI0_L = 0x188
                0x00000189                __SYSJMBI0_H = 0x189
                0x00000188                __SYSJMBI0 = 0x188
                0x0000018a                __SYSJMBI1_L = 0x18a
                0x0000018b                __SYSJMBI1_H = 0x18b
                0x0000018a                __SYSJMBI1 = 0x18a
                0x0000018c                __SYSJMBO0_L = 0x18c
                0x0000018d                __SYSJMBO0_H = 0x18d
                0x0000018c                __SYSJMBO0 = 0x18c
                0x0000018e                __SYSJMBO1_L = 0x18e
                0x0000018f                __SYSJMBO1_H = 0x18f
                0x0000018e                __SYSJMBO1 = 0x18e
                0x0000019a                __SYSUNIV_L = 0x19a
                0x0000019b                __SYSUNIV_H = 0x19b
                0x0000019a                __SYSUNIV = 0x19a
                0x0000019c                __SYSSNIV_L = 0x19c
                0x0000019d                __SYSSNIV_H = 0x19d
                0x0000019c                __SYSSNIV = 0x19c
                0x0000019e                __SYSRSTIV_L = 0x19e
                0x0000019f                __SYSRSTIV_H = 0x19f
                0x0000019e                __SYSRSTIV = 0x19e
                0x00000340                __TA0CTL = 0x340
                0x00000342                __TA0CCTL0 = 0x342
                0x00000344                __TA0CCTL1 = 0x344
                0x00000346                __TA0CCTL2 = 0x346
                0x00000348                __TA0CCTL3 = 0x348
                0x0000034a                __TA0CCTL4 = 0x34a
                0x00000350                __TA0R = 0x350
                0x00000352                __TA0CCR0 = 0x352
                0x00000354                __TA0CCR1 = 0x354
                0x00000356                __TA0CCR2 = 0x356
                0x00000358                __TA0CCR3 = 0x358
                0x0000035a                __TA0CCR4 = 0x35a
                0x0000036e                __TA0IV = 0x36e
                0x00000360                __TA0EX0 = 0x360
                0x00000380                __TA1CTL = 0x380
                0x00000382                __TA1CCTL0 = 0x382
                0x00000384                __TA1CCTL1 = 0x384
                0x00000386                __TA1CCTL2 = 0x386
                0x00000390                __TA1R = 0x390
                0x00000392                __TA1CCR0 = 0x392
                0x00000394                __TA1CCR1 = 0x394
                0x00000396                __TA1CCR2 = 0x396
                0x000003ae                __TA1IV = 0x3ae
                0x000003a0                __TA1EX0 = 0x3a0
                0x000003c0                __TB0CTL = 0x3c0
                0x000003c2                __TB0CCTL0 = 0x3c2
                0x000003c4                __TB0CCTL1 = 0x3c4
                0x000003c6                __TB0CCTL2 = 0x3c6
                0x000003c8                __TB0CCTL3 = 0x3c8
                0x000003ca                __TB0CCTL4 = 0x3ca
                0x000003cc                __TB0CCTL5 = 0x3cc
                0x000003ce                __TB0CCTL6 = 0x3ce
                0x000003d0                __TB0R = 0x3d0
                0x000003d2                __TB0CCR0 = 0x3d2
                0x000003d4                __TB0CCR1 = 0x3d4
                0x000003d6                __TB0CCR2 = 0x3d6
                0x000003d8                __TB0CCR3 = 0x3d8
                0x000003da                __TB0CCR4 = 0x3da
                0x000003dc                __TB0CCR5 = 0x3dc
                0x000003de                __TB0CCR6 = 0x3de
                0x000003e0                __TB0EX0 = 0x3e0
                0x000003ee                __TB0IV = 0x3ee
                0x00000160                __UCSCTL0_L = 0x160
                0x00000161                __UCSCTL0_H = 0x161
                0x00000160                __UCSCTL0 = 0x160
                0x00000162                __UCSCTL1_L = 0x162
                0x00000163                __UCSCTL1_H = 0x163
                0x00000162                __UCSCTL1 = 0x162
                0x00000164                __UCSCTL2_L = 0x164
                0x00000165                __UCSCTL2_H = 0x165
                0x00000164                __UCSCTL2 = 0x164
                0x00000166                __UCSCTL3_L = 0x166
                0x00000167                __UCSCTL3_H = 0x167
                0x00000166                __UCSCTL3 = 0x166
                0x00000168                __UCSCTL4_L = 0x168
                0x00000169                __UCSCTL4_H = 0x169
                0x00000168                __UCSCTL4 = 0x168
                0x0000016a                __UCSCTL5_L = 0x16a
                0x0000016b                __UCSCTL5_H = 0x16b
                0x0000016a                __UCSCTL5 = 0x16a
                0x0000016c                __UCSCTL6_L = 0x16c
                0x0000016d                __UCSCTL6_H = 0x16d
                0x0000016c                __UCSCTL6 = 0x16c
                0x0000016e                __UCSCTL7_L = 0x16e
                0x0000016f                __UCSCTL7_H = 0x16f
                0x0000016e                __UCSCTL7 = 0x16e
                0x00000170                __UCSCTL8_L = 0x170
                0x00000171                __UCSCTL8_H = 0x171
                0x00000170                __UCSCTL8 = 0x170
                0x000005c0                __UCA0CTLW0_L = 0x5c0
                0x000005c1                __UCA0CTLW0_H = 0x5c1
                0x000005c0                __UCA0CTLW0 = 0x5c0
                0x000005c6                __UCA0BRW_L = 0x5c6
                0x000005c7                __UCA0BRW_H = 0x5c7
                0x000005c6                __UCA0BRW = 0x5c6
                0x000005c8                __UCA0MCTL = 0x5c8
                0x000005ca                __UCA0STAT = 0x5ca
                0x000005cc                __UCA0RXBUF = 0x5cc
                0x000005ce                __UCA0TXBUF = 0x5ce
                0x000005d0                __UCA0ABCTL = 0x5d0
                0x000005d2                __UCA0IRCTL_L = 0x5d2
                0x000005d3                __UCA0IRCTL_H = 0x5d3
                0x000005d2                __UCA0IRCTL = 0x5d2
                0x000005dc                __UCA0ICTL_L = 0x5dc
                0x000005dd                __UCA0ICTL_H = 0x5dd
                0x000005dc                __UCA0ICTL = 0x5dc
                0x000005de                __UCA0IV = 0x5de
                0x000005e0                __UCB0CTLW0_L = 0x5e0
                0x000005e1                __UCB0CTLW0_H = 0x5e1
                0x000005e0                __UCB0CTLW0 = 0x5e0
                0x000005e6                __UCB0BRW_L = 0x5e6
                0x000005e7                __UCB0BRW_H = 0x5e7
                0x000005e6                __UCB0BRW = 0x5e6
                0x000005ea                __UCB0STAT = 0x5ea
                0x000005ec                __UCB0RXBUF = 0x5ec
                0x000005ee                __UCB0TXBUF = 0x5ee
                0x000005f0                __UCB0I2COA_L = 0x5f0
                0x000005f1                __UCB0I2COA_H = 0x5f1
                0x000005f0                __UCB0I2COA = 0x5f0
                0x000005f2                __UCB0I2CSA_L = 0x5f2
                0x000005f3                __UCB0I2CSA_H = 0x5f3
                0x000005f2                __UCB0I2CSA = 0x5f2
                0x000005fc                __UCB0ICTL_L = 0x5fc
                0x000005fd                __UCB0ICTL_H = 0x5fd
                0x000005fc                __UCB0ICTL = 0x5fc
                0x000005fe                __UCB0IV = 0x5fe
                0x00000600                __UCA1CTLW0_L = 0x600
                0x00000601                __UCA1CTLW0_H = 0x601
                0x00000600                __UCA1CTLW0 = 0x600
                0x00000606                __UCA1BRW_L = 0x606
                0x00000607                __UCA1BRW_H = 0x607
                0x00000606                __UCA1BRW = 0x606
                0x00000608                __UCA1MCTL = 0x608
                0x0000060a                __UCA1STAT = 0x60a
                0x0000060c                __UCA1RXBUF = 0x60c
                0x0000060e                __UCA1TXBUF = 0x60e
                0x00000610                __UCA1ABCTL = 0x610
                0x00000612                __UCA1IRCTL_L = 0x612
                0x00000613                __UCA1IRCTL_H = 0x613
                0x00000612                __UCA1IRCTL = 0x612
                0x0000061c                __UCA1ICTL_L = 0x61c
                0x0000061d                __UCA1ICTL_H = 0x61d
                0x0000061c                __UCA1ICTL = 0x61c
                0x0000061e                __UCA1IV = 0x61e
                0x00000620                __UCB1CTLW0_L = 0x620
                0x00000621                __UCB1CTLW0_H = 0x621
                0x00000620                __UCB1CTLW0 = 0x620
                0x00000626                __UCB1BRW_L = 0x626
                0x00000627                __UCB1BRW_H = 0x627
                0x00000626                __UCB1BRW = 0x626
                0x0000062a                __UCB1STAT = 0x62a
                0x0000062c                __UCB1RXBUF = 0x62c
                0x0000062e                __UCB1TXBUF = 0x62e
                0x00000630                __UCB1I2COA_L = 0x630
                0x00000631                __UCB1I2COA_H = 0x631
                0x00000630                __UCB1I2COA = 0x630
                0x00000632                __UCB1I2CSA_L = 0x632
                0x00000633                __UCB1I2CSA_H = 0x633
                0x00000632                __UCB1I2CSA = 0x632
                0x0000063c                __UCB1ICTL_L = 0x63c
                0x0000063d                __UCB1ICTL_H = 0x63d
                0x0000063c                __UCB1ICTL = 0x63c
                0x0000063e                __UCB1IV = 0x63e
                0x0000015c                __WDTCTL_L = 0x15c
                0x0000015d                __WDTCTL_H = 0x15d
                0x0000015c                __WDTCTL = 0x15c

.hash
 *(.hash)

.dynsym
 *(.dynsym)

.dynstr
 *(.dynstr)

.gnu.version
 *(.gnu.version)

.gnu.version_d
 *(.gnu.version_d)

.gnu.version_r
 *(.gnu.version_r)

.rel.init
 *(.rel.init)

.rela.init
 *(.rela.init)

.rel.fini
 *(.rel.fini)

.rela.fini
 *(.rela.fini)

.rel.text
 *(.rel.text .rel.text.* .rel.gnu.linkonce.t.*)

.rela.text
 *(.rela.text .rela.text.* .rela.gnu.linkonce.t.*)

.rel.rodata
 *(.rel.rodata .rel.rodata.* .rel.gnu.linkonce.r.*)

.rela.rodata
 *(.rela.rodata .rela.rodata.* .rela.gnu.linkonce.r.*)

.rel.data
 *(.rel.data .rel.data.* .rel.gnu.linkonce.d.*)

.rela.data
 *(.rela.data .rela.data.* .rela.gnu.linkonce.d.*)

.rel.bss
 *(.rel.bss .rel.bss.* .rel.gnu.linkonce.b.*)

.rela.bss
 *(.rela.bss .rela.bss.* .rela.gnu.linkonce.b.*)

.rel.ctors
 *(.rel.ctors)

.rela.ctors
 *(.rela.ctors)

.rel.dtors
 *(.rel.dtors)

.rela.dtors
 *(.rela.dtors)

.rel.got
 *(.rel.got)

.rela.got
 *(.rela.got)

.rel.plt
 *(.rel.plt)

.rela.plt
 *(.rela.plt)

.text           0x00005c00     0x1362
                0x00005c00                . = ALIGN (0x2)
 *(.init .init.*)
 *(.init0)
 .init0         0x00005c00        0x0 /usr/share/msp430/bin/../lib/gcc/msp430/4.7.0/mcpu-430x/mmpy-16/msr20/mc20/libcrt0.a(_reset_vector__.o)
                0x00005c00                _reset_vector__
 *(.init1)
 .init1         0x00005c00        0xc /usr/share/msp430/bin/../lib/gcc/msp430/4.7.0/mcpu-430x/mmpy-16/msr20/mc20/libcrt0.a(__watchdog_support.o)
                0x00005c00                __watchdog_support
 *(.init2)
 .init2         0x00005c0c        0x4 /usr/share/msp430/bin/../lib/gcc/msp430/4.7.0/mcpu-430x/mmpy-16/msr20/mc20/libcrt0.a(__init_stack.o)
                0x00005c0c                __init_stack
 *(.init3)
 .init3         0x00005c10        0x0 /usr/share/msp430/bin/../lib/gcc/msp430/4.7.0/mcpu-430x/mmpy-16/msr20/mc20/libcrt0.a(__low_level_init.o)
                0x00005c10                __low_level_init
 *(.init4)
 .init4         0x00005c10       0x18 /usr/share/msp430/bin/../lib/gcc/msp430/4.7.0/mcpu-430x/mmpy-16/msr20/mc20/libcrt0.a(_copy_data.o)
                0x00005c10                __do_copy_data
 .init4         0x00005c28       0x16 /usr/share/msp430/bin/../lib/gcc/msp430/4.7.0/mcpu-430x/mmpy-16/msr20/mc20/libcrt0.a(_clear_bss.o)
                0x00005c28                __do_clear_bss
 *(.init5)
 *(.init6)
 *(.init7)
 *(.init8)
 *(.init9)
 .init9         0x00005c3e      0x32a obj_wismote/contiki-wismote-main.o
                0x00005c3e                main
 *(.fini9)
 .fini9         0x00005f68        0x0 /usr/share/msp430/bin/../lib/gcc/msp430/4.7.0/mcpu-430x/mmpy-16/msr20/mc20/libcrt0.a(__stop_progExec__.o)
                0x00005f68                __stop_progExec__
 *(.fini8)
 *(.fini7)
 *(.fini6)
 *(.fini5)
 *(.fini4)
 *(.fini3)
 *(.fini2)
 *(.fini1)
 *(.fini0)
 .fini0         0x00005f68        0x6 /usr/share/msp430/bin/../lib/gcc/msp430/4.7.0/mcpu-430x/mmpy-16/msr20/mc20/libcrt0.a(_endless_loop__.o)
                0x00005f68                _endless_loop__
 *(.fini .fini.*)
                0x00005f6e                . = ALIGN (0x2)
                0x00005f6e                __ctors_start = .
 *(.ctors)
                0x00005f6e                __ctors_end = .
                0x00005f6e                __dtors_start = .
 *(.dtors)
                0x00005f6e                __dtors_end = .
                0x00005f6e                . = ALIGN (0x2)
 *(.text .text.* .gnu.linkonce.t.*)
 .text          0x00005f6e        0x4 /usr/share/msp430/bin/../lib/gcc/msp430/4.7.0/mcpu-430x/mmpy-16/msr20/mc20/crt0ivtbl64.o
                0x00005f6e                __isr_37
                0x00005f6e                __isr_51
                0x00005f6e                __isr_57
                0x00005f6e                __isr_33
                0x00005f6e                __isr_32
                0x00005f6e                __isr_54
                0x00005f6e                __isr_59
                0x00005f6e                __isr_39
                0x00005f6e                __isr_53
                0x00005f6e                __isr_41
                0x00005f6e                __isr_60
                0x00005f6e                __isr_36
                0x00005f6e                __isr_34
                0x00005f6e                __isr_44
                0x00005f6e                __isr_61
                0x00005f6e                __isr_55
                0x00005f6e                __isr_43
                0x00005f6e                __isr_50
                0x00005f6e                __isr_56
                0x00005f6e                __isr_38
                0x00005f6e                __isr_35
                0x00005f6e                __isr_45
                0x00005f6e                __isr_62
                0x00005f6e                __isr_52
                0x00005f6e                __isr_40
 .text.libgcc   0x00005f72       0x22 /usr/share/msp430/bin/../lib/gcc/msp430/4.7.0/mcpu-430x/mmpy-16/msr20/mc20/libgcc.a(_udivmod16.o)
                0x00005f72                __udivhi3
                0x00005f72                __ext_udivmod16
                0x00005f8c                __umodhi3
 .text.libgcc   0x00005f94       0x3a /usr/share/msp430/bin/../lib/gcc/msp430/4.7.0/mcpu-430x/mmpy-16/msr20/mc20/libgcc.a(_divmod16.o)
                0x00005f94                __ext_divmod16
                0x00005f94                __divhi3
                0x00005fc6                __modhi3
 .text.libgcc   0x00005fce       0x38 /usr/share/msp430/bin/../lib/gcc/msp430/4.7.0/mcpu-430x/mmpy-16/msr20/mc20/libgcc.a(_udivmod32.o)
                0x00005fce                __udivsi3
                0x00005fce                __ext_udivmod32
                0x00005ffc                __umodsi3
 .text.printf   0x00006006       0x10 /usr/share/msp430/bin/../lib/gcc/msp430/4.7.0/../../../../msp430/lib/mcpu-430x/mmpy-16/msr20/mc20/libc.a(printf.o)
                0x00006006                printf
 .text.append   0x00006016       0x22 /usr/share/msp430/bin/../lib/gcc/msp430/4.7.0/../../../../msp430/lib/mcpu-430x/mmpy-16/msr20/mc20/libc.a(sprintf.o)
 .text.call_vuprintf
                0x00006038       0x36 /usr/share/msp430/bin/../lib/gcc/msp430/4.7.0/../../../../msp430/lib/mcpu-430x/mmpy-16/msr20/mc20/libc.a(sprintf.o)
 .text.sprintf  0x0000606e       0x1a /usr/share/msp430/bin/../lib/gcc/msp430/4.7.0/../../../../msp430/lib/mcpu-430x/mmpy-16/msr20/mc20/libc.a(sprintf.o)
                0x0000606e                sprintf
 .text.print_field
                0x00006088      0x176 /usr/share/msp430/bin/../lib/gcc/msp430/4.7.0/../../../../msp430/lib/mcpu-430x/mmpy-16/msr20/mc20/libc.a(vuprintf.o)
 .text.vuprintf
                0x000061fe      0x74c /usr/share/msp430/bin/../lib/gcc/msp430/4.7.0/../../../../msp430/lib/mcpu-430x/mmpy-16/msr20/mc20/libc.a(vuprintf.o)
                0x000061fe                vuprintf
 .text.puts     0x0000694a       0x2c /usr/share/msp430/bin/../lib/gcc/msp430/4.7.0/../../../../msp430/lib/mcpu-430x/mmpy-16/msr20/mc20/libc.a(puts.o)
                0x0000694a                puts
 .text.rand     0x00006976       0x26 /usr/share/msp430/bin/../lib/gcc/msp430/4.7.0/../../../../msp430/lib/mcpu-430x/mmpy-16/msr20/mc20/libc.a(rand.o)
                0x00006976                rand
 .text.memcmp   0x0000699c       0x2c /usr/share/msp430/bin/../lib/gcc/msp430/4.7.0/../../../../msp430/lib/mcpu-430x/mmpy-16/msr20/mc20/libc.a(memcmp.o)
                0x0000699c                memcmp
 .text.memcpy   0x000069c8       0xe8 /usr/share/msp430/bin/../lib/gcc/msp430/4.7.0/../../../../msp430/lib/mcpu-430x/mmpy-16/msr20/mc20/libc.a(memcpy.o)
                0x000069c8                memcpy
 .text.memmove  0x00006ab0       0xe8 /usr/share/msp430/bin/../lib/gcc/msp430/4.7.0/../../../../msp430/lib/mcpu-430x/mmpy-16/msr20/mc20/libc.a(memmove.o)
                0x00006ab0                memmove
 .text.memset   0x00006b98       0x5c /usr/share/msp430/bin/../lib/gcc/msp430/4.7.0/../../../../msp430/lib/mcpu-430x/mmpy-16/msr20/mc20/libc.a(memset.o)
                0x00006b98                memset
 .text.libgcc   0x00006bf4       0x26 /usr/share/msp430/bin/../lib/gcc/msp430/4.7.0/mcpu-430x/mmpy-16/msr20/mc20/libgcc.a(_mulsi3.o)
                0x00006bf4                __mulsi3
 .text.libgcc   0x00006c1a       0xbc /usr/share/msp430/bin/../lib/gcc/msp430/4.7.0/mcpu-430x/mmpy-16/msr20/mc20/libgcc.a(_udivmod64.o)
                0x00006c1a                __xabi_udivmod64
                0x00006c6c                __udivdi3
                0x00006c86                __umoddi3
                0x00006ca8                __udivmoddi4
 .text.crt0     0x00006cd6        0x2 /usr/share/msp430/bin/../lib/gcc/msp430/4.7.0/mcpu-430x/mmpy-16/msr20/mc20/libcrt0.a(_unexpected_.o)
                0x00006cd6                _unexpected_
 *(.near.text .near.text.*)
 .near.text.irq_p2
                0x00006cd8       0x74 contiki-wismote.a(button-sensor.o)
                0x00006cd8                irq_p2
                0x00006cd8                __isr_42
 .near.text.cc2520_port1_interrupt
                0x00006d4c       0x4e contiki-wismote.a(cc2520-arch.o)
                0x00006d4c                __isr_47
                0x00006d4c                cc2520_port1_interrupt
 .near.text.uart1_rx_interrupt
                0x00006d9a       0x6c contiki-wismote.a(uart1.o)
                0x00006d9a                __isr_46
                0x00006d9a                uart1_rx_interrupt
 .near.text.timera1
                0x00006e06       0xfa contiki-wismote.a(clock.o)
                0x00006e06                __isr_48
                0x00006e06                timera1
 .near.text.watchdog_interrupt
                0x00006f00        0x6 contiki-wismote.a(watchdog.o)
                0x00006f00                watchdog_interrupt
                0x00006f00                __isr_58
 .near.text.timera0
                0x00006f06       0x5c contiki-wismote.a(rtimer-arch.o)
                0x00006f06                __isr_49
                0x00006f06                timera0

.rodata         0x00006f64     0x122a
                0x00006f64                . = ALIGN (0x2)
 *(.rodata .rodata.* .gnu.linkonce.r.*)
 .rodata.process_thread_udp_client_process
                0x00006f64       0x8e udp-client.co
 .rodata.autostart_processes
                0x00006ff2        0x4 udp-client.co
                0x00006ff2                autostart_processes
 .rodata        0x00006ff6        0x2 udp-client.co
 .rodata        0x00006ff8      0x119 obj_wismote/contiki-wismote-main.o
 .rodata        0x00007111        0x7 contiki-wismote.a(button-sensor.o)
 .rodata.button_sensor
                0x00007118        0xe contiki-wismote.a(button-sensor.o)
                0x00007118                button_sensor
 .rodata        0x00007126        0x8 contiki-wismote.a(sensors.o)
 .rodata.cc2520_driver
                0x0000712e       0x38 contiki-wismote.a(cc2520.o)
                0x0000712e                cc2520_driver
 .rodata        0x00007166        0xe contiki-wismote.a(cc2520.o)
 .rodata        0x00007174        0xf contiki-wismote.a(ctimer.o)
 .rodata        0x00007183        0xc contiki-wismote.a(etimer.o)
 *fill*         0x0000718f        0x1 00
 .rodata.linkaddr_null
                0x00007190        0x8 contiki-wismote.a(linkaddr.o)
                0x00007190                linkaddr_null
 .rodata        0x00007198        0xd contiki-wismote.a(tcpip.o)
 .rodata        0x000071a5        0xb contiki-wismote.a(sicslowpan.o)
 .rodata.sicslowpan_driver
                0x000071b0        0xa contiki-wismote.a(sicslowpan.o)
                0x000071b0                sicslowpan_driver
 .rodata.llprefix
                0x000071ba        0x2 contiki-wismote.a(sicslowpan.o)
                0x000071ba                llprefix
 .rodata.unc_mxconf
                0x000071bc        0x4 contiki-wismote.a(sicslowpan.o)
                0x000071bc                unc_mxconf
 .rodata.unc_ctxconf
                0x000071c0        0x4 contiki-wismote.a(sicslowpan.o)
                0x000071c0                unc_ctxconf
 .rodata.unc_llconf
                0x000071c4        0x4 contiki-wismote.a(sicslowpan.o)
                0x000071c4                unc_llconf
 .rodata.ttl_values
                0x000071c8        0x4 contiki-wismote.a(sicslowpan.o)
 .rodata.uip_process
                0x000071cc       0x40 contiki-wismote.a(uip6.o)
 .rodata.transmit_packet_list
                0x0000720c       0x2c contiki-wismote.a(csma.o)
 .rodata.send_packet
                0x00007238       0x97 contiki-wismote.a(csma.o)
 .rodata.free_packet
                0x000072cf       0x2b contiki-wismote.a(csma.o)
 .rodata.packet_sent
                0x000072fa       0xca contiki-wismote.a(csma.o)
 .rodata        0x000073c4        0x5 contiki-wismote.a(csma.o)
 *fill*         0x000073c9        0x1 00
 .rodata.csma_driver
                0x000073ca       0x1a contiki-wismote.a(csma.o)
                0x000073ca                csma_driver
 .rodata.framer_802154
                0x000073e4        0xc contiki-wismote.a(framer-802154.o)
                0x000073e4                framer_802154
 .rodata.mac_call_sent_callback
                0x000073f0       0x94 contiki-wismote.a(mac.o)
 .rodata.schedule_powercycle_fixed.part.4
                0x00007484       0x2a contiki-wismote.a(contikimac.o)
 .rodata.input_packet
                0x000074ae       0x55 contiki-wismote.a(contikimac.o)
 .rodata.send_packet
                0x00007503      0x1e7 contiki-wismote.a(contikimac.o)
 .rodata        0x000076ea        0xb contiki-wismote.a(contikimac.o)
 *fill*         0x000076f5        0x1 00
 .rodata.contikimac_driver
                0x000076f6       0x1e contiki-wismote.a(contikimac.o)
                0x000076f6                contikimac_driver
 .rodata.dao_ack_input
                0x00007714       0x44 contiki-wismote.a(rpl-icmp6.o)
 .rodata.dio_input
                0x00007758      0x31a contiki-wismote.a(rpl-icmp6.o)
 .rodata.dis_output
                0x00007a72       0x17 contiki-wismote.a(rpl-icmp6.o)
 .rodata.dio_output
                0x00007a89       0xdc contiki-wismote.a(rpl-icmp6.o)
 .rodata.dis_input
                0x00007b65       0x62 contiki-wismote.a(rpl-icmp6.o)
 .rodata.dao_output_target
                0x00007bc7       0xc2 contiki-wismote.a(rpl-icmp6.o)
 .rodata.dao_output
                0x00007c89       0x3b contiki-wismote.a(rpl-icmp6.o)
 .rodata.dao_ack_output
                0x00007cc4       0x33 contiki-wismote.a(rpl-icmp6.o)
 .rodata.dao_input
                0x00007cf7      0x269 contiki-wismote.a(rpl-icmp6.o)
 .rodata.set_dao_lifetime_timer
                0x00007f60       0x3b contiki-wismote.a(rpl-timers.o)
 .rodata.new_dio_interval
                0x00007f9b       0x3a contiki-wismote.a(rpl-timers.o)
 .rodata.handle_dio_timer
                0x00007fd5       0xe4 contiki-wismote.a(rpl-timers.o)
 .rodata.schedule_dao
                0x000080b9       0x53 contiki-wismote.a(rpl-timers.o)
 .rodata.handle_dao_timer
                0x0000810c       0x5f contiki-wismote.a(rpl-timers.o)
 .rodata.uip_debug_ipaddr_print
                0x0000816b       0x15 contiki-wismote.a(uip-debug.o)
 .rodata.uip_debug_lladdr_print
                0x00008180        0x5 contiki-wismote.a(uip-debug.o)
 .rodata.CSWTCH.5
                0x00008185        0x2 contiki-wismote.a(frame802154.o)
 .rodata.vuprintf
                0x00008187        0x7 /usr/share/msp430/bin/../lib/gcc/msp430/4.7.0/../../../../msp430/lib/mcpu-430x/mmpy-16/msr20/mc20/libc.a(vuprintf.o)
 *(.near.rodata .near.rodata.*)
                0x0000818e                . = ALIGN (0x2)
                0x0000818e                _etext = .

.data           0x00001c00      0x130 load address 0x0000818e
                0x00001c00                . = ALIGN (0x2)
                0x00001c00                __data_start = .
 *(.data .data.* .gnu.linkonce.d.*)
 .data.udp_client_process
                0x00001c00        0xc udp-client.co
                0x00001c00                udp_client_process
 .data.sensors  0x00001c0c        0x4 contiki-wismote.a(contiki-wismote)
                0x00001c0c                sensors
 .data.sensors_process
                0x00001c10        0xc contiki-wismote.a(sensors.o)
                0x00001c10                sensors_process
 .data.cc2520_process
                0x00001c1c        0xc contiki-wismote.a(cc2520.o)
                0x00001c1c                cc2520_process
 .data.cur_break
                0x00001c28        0x2 contiki-wismote.a(msp430.o)
 .data.ctimer_process
                0x00001c2a        0xc contiki-wismote.a(ctimer.o)
                0x00001c2a                ctimer_process
 .data.etimer_process
                0x00001c36        0xc contiki-wismote.a(etimer.o)
                0x00001c36                etimer_process
 .data.buframmem
                0x00001c42        0x8 contiki-wismote.a(queuebuf.o)
 .data.bufmem   0x00001c4a        0x8 contiki-wismote.a(queuebuf.o)
 .data.refbufmem
                0x00001c52        0x8 contiki-wismote.a(queuebuf.o)
 .data.tcpip_process
                0x00001c5a        0xc contiki-wismote.a(tcpip.o)
                0x00001c5a                tcpip_process
 .data.ds6_neighbors
                0x00001c66        0x2 contiki-wismote.a(uip-ds6-nbr.o)
                0x00001c66                ds6_neighbors
 .data.ds6_neighbors_struct
                0x00001c68        0xa contiki-wismote.a(uip-ds6-nbr.o)
 .data.routememb
                0x00001c72        0x8 contiki-wismote.a(uip-ds6-route.o)
 .data.defaultroutermemb
                0x00001c7a        0x8 contiki-wismote.a(uip-ds6-route.o)
 .data.nbr_routes_struct
                0x00001c82        0xa contiki-wismote.a(uip-ds6-route.o)
 .data.neighborroutememb
                0x00001c8c        0x8 contiki-wismote.a(uip-ds6-route.o)
 .data.echo_request_handler
                0x00001c94        0x8 contiki-wismote.a(uip-icmp6.o)
 .data.echo_reply_handler
                0x00001c9c        0x8 contiki-wismote.a(uip-icmp6.o)
 .data.ns_input_handler
                0x00001ca4        0x8 contiki-wismote.a(uip-nd6.o)
 .data.na_input_handler
                0x00001cac        0x8 contiki-wismote.a(uip-nd6.o)
 .data.neighbor_memb
                0x00001cb4        0x8 contiki-wismote.a(csma.o)
 .data.packet_memb
                0x00001cbc        0x8 contiki-wismote.a(csma.o)
 .data.metadata_memb
                0x00001cc4        0x8 contiki-wismote.a(csma.o)
 .data.rpl_parents_struct
                0x00001ccc        0xa contiki-wismote.a(rpl-dag.o)
 .data.dao_sequence
                0x00001cd6        0x1 contiki-wismote.a(rpl-icmp6.o)
 *fill*         0x00001cd7        0x1 00
 .data.dis_handler
                0x00001cd8        0x8 contiki-wismote.a(rpl-icmp6.o)
 .data.dio_handler
                0x00001ce0        0x8 contiki-wismote.a(rpl-icmp6.o)
 .data.dao_handler
                0x00001ce8        0x8 contiki-wismote.a(rpl-icmp6.o)
 .data.dao_ack_handler
                0x00001cf0        0x8 contiki-wismote.a(rpl-icmp6.o)
 .data.rpl_mrhof
                0x00001cf8       0x1a contiki-wismote.a(rpl-mrhof.o)
                0x00001cf8                rpl_mrhof
 .data.neighbor_addr_mem
                0x00001d12        0x8 contiki-wismote.a(nbr-table.o)
 .data.nbr_phase_struct
                0x00001d1a        0xa contiki-wismote.a(phase.o)
 .data.queued_packets_memb
                0x00001d24        0x8 contiki-wismote.a(phase.o)
 .data.next     0x00001d2c        0x4 /usr/share/msp430/bin/../lib/gcc/msp430/4.7.0/../../../../msp430/lib/mcpu-430x/mmpy-16/msr20/mc20/libc.a(rand.o)
 *(.near.data .near.data.*)
                0x00001d30                . = ALIGN (0x2)
                0x00001d30                _edata = .
                0x0000818e                __data_load_start = LOADADDR (.data)
                0x00000130                __data_size = SIZEOF (.data)

.bss            0x00001d30     0x2066 load address 0x000082be
                0x00001d30                __bss_start = .
 *(.bss .bss.*)
 .bss.udp_cbr_timer.3813
                0x00001d30        0x8 udp-client.co
 .bss.battery_timer.3814
                0x00001d38        0x8 udp-client.co
 .bss.rplinfo_timer.3815
                0x00001d40        0x8 udp-client.co
 .bss.udp_cbr_conn
                0x00001d48        0x2 udp-client.co
 .bss.server_ipaddr
                0x00001d4a       0x10 udp-client.co
 .bss.seq_id.3799
                0x00001d5a        0x2 udp-client.co
 .bss.irq_energest.4327
                0x00001d5c        0x4 obj_wismote/contiki-wismote-main.o
 .bss.debouncetimer
                0x00001d60        0x8 contiki-wismote.a(button-sensor.o)
 .bss.node_id   0x00001d68        0x2 contiki-wismote.a(node-id.o)
                0x00001d68                node_id
 .bss.num_sensors
                0x00001d6a        0x1 contiki-wismote.a(sensors.o)
 *fill*         0x00001d6b        0x1 00
 .bss.i.2434    0x00001d6c        0x2 contiki-wismote.a(sensors.o)
 .bss.events.2435
                0x00001d6e        0x2 contiki-wismote.a(sensors.o)
 .bss.last_packet_timestamp
                0x00001d70        0x2 contiki-wismote.a(cc2520.o)
 .bss.receive_on
                0x00001d72        0x1 contiki-wismote.a(cc2520.o)
 .bss.locked    0x00001d73        0x1 contiki-wismote.a(cc2520.o)
 .bss.lock_off  0x00001d74        0x1 contiki-wismote.a(cc2520.o)
 .bss.lock_on   0x00001d75        0x1 contiki-wismote.a(cc2520.o)
 .bss.channel   0x00001d76        0x2 contiki-wismote.a(cc2520.o)
 .bss.transmitting
                0x00001d78        0x1 contiki-wismote.a(uart1.o)
 *fill*         0x00001d79        0x1 00
 .bss.uart1_input_handler
                0x00001d7a        0x4 contiki-wismote.a(uart1.o)
 .bss.last_tar  0x00001d7e        0x2 contiki-wismote.a(clock.o)
 .bss.count     0x00001d80        0x4 contiki-wismote.a(clock.o)
 .bss.seconds   0x00001d84        0x4 contiki-wismote.a(clock.o)
 .bss.leds      0x00001d88        0x1 contiki-wismote.a(leds.o)
 *fill*         0x00001d89        0x1 00
 .bss.counter   0x00001d8a        0x2 contiki-wismote.a(watchdog.o)
 .bss.initialized
                0x00001d8c        0x1 contiki-wismote.a(ctimer.o)
 *fill*         0x00001d8d        0x1 00
 .bss.ctimer_list_list
                0x00001d8e        0x2 contiki-wismote.a(ctimer.o)
 .bss.timerlist
                0x00001d90        0x2 contiki-wismote.a(etimer.o)
 .bss.next_expiration
                0x00001d92        0x4 contiki-wismote.a(etimer.o)
 .bss.poll_requested
                0x00001d96        0x1 contiki-wismote.a(process.o)
 *fill*         0x00001d97        0x1 00
 .bss.process_current
                0x00001d98        0x2 contiki-wismote.a(process.o)
                0x00001d98                process_current
 .bss.process_list
                0x00001d9a        0x2 contiki-wismote.a(process.o)
                0x00001d9a                process_list
 .bss.lastevent
                0x00001d9c        0x1 contiki-wismote.a(process.o)
 .bss.fevent    0x00001d9d        0x1 contiki-wismote.a(process.o)
 .bss.nevents   0x00001d9e        0x1 contiki-wismote.a(process.o)
 *fill*         0x00001d9f        0x1 00
 .bss.events    0x00001da0       0x30 contiki-wismote.a(process.o)
 .bss.ev.2213   0x00001dd0        0x1 contiki-wismote.a(process.o)
 *fill*         0x00001dd1        0x1 00
 .bss.data.2214
                0x00001dd2        0x2 contiki-wismote.a(process.o)
 .bss.receiver.2215
                0x00001dd4        0x2 contiki-wismote.a(process.o)
 .bss.p.2216    0x00001dd6        0x2 contiki-wismote.a(process.o)
 .bss.snum.2231
                0x00001dd8        0x1 contiki-wismote.a(process.o)
 *fill*         0x00001dd9        0x1 00
 .bss.next_rtimer
                0x00001dda        0x2 contiki-wismote.a(rtimer.o)
 .bss.bufptr    0x00001ddc        0x2 contiki-wismote.a(packetbuf.o)
 .bss.buflen    0x00001dde        0x2 contiki-wismote.a(packetbuf.o)
 .bss.hdrptr    0x00001de0        0x1 contiki-wismote.a(packetbuf.o)
 *fill*         0x00001de1        0x1 00
 .bss.packetbufptr
                0x00001de2        0x2 contiki-wismote.a(packetbuf.o)
 .bss.packetbuf_aligned
                0x00001de4       0xb2 contiki-wismote.a(packetbuf.o)
 .bss.buframmem_memb_count
                0x00001e96        0x8 contiki-wismote.a(queuebuf.o)
 .bss.buframmem_memb_mem
                0x00001e9e      0x690 contiki-wismote.a(queuebuf.o)
 .bss.bufmem_memb_count
                0x0000252e        0x8 contiki-wismote.a(queuebuf.o)
 .bss.bufmem_memb_mem
                0x00002536       0x10 contiki-wismote.a(queuebuf.o)
 .bss.refbufmem_memb_count
                0x00002546        0x2 contiki-wismote.a(queuebuf.o)
 .bss.refbufmem_memb_mem
                0x00002548       0x6c contiki-wismote.a(queuebuf.o)
 .bss.outputfunc
                0x000025b4        0x4 contiki-wismote.a(tcpip.o)
 .bss.i.4717    0x000025b8        0x1 contiki-wismote.a(tcpip.o)
 *fill*         0x000025b9        0x1 00
 .bss.s         0x000025ba       0x22 contiki-wismote.a(tcpip.o)
 .bss.periodic  0x000025dc        0xc contiki-wismote.a(tcpip.o)
 .bss.i.4661    0x000025e8        0x1 contiki-wismote.a(tcpip.o)
 .bss.i.4705    0x000025e9        0x1 contiki-wismote.a(tcpip.o)
 .bss.callback  0x000025ea        0x2 contiki-wismote.a(sicslowpan.o)
 .bss.addr_contexts
                0x000025ec       0x14 contiki-wismote.a(sicslowpan.o)
 .bss.uncomp_hdr_len
                0x00002600        0x1 contiki-wismote.a(sicslowpan.o)
 .bss.packetbuf_hdr_len
                0x00002601        0x1 contiki-wismote.a(sicslowpan.o)
 .bss.packetbuf_ptr
                0x00002602        0x2 contiki-wismote.a(sicslowpan.o)
 .bss.my_tag    0x00002604        0x2 contiki-wismote.a(sicslowpan.o)
 .bss.packetbuf_payload_len
                0x00002606        0x2 contiki-wismote.a(sicslowpan.o)
 .bss.last_tx_status
                0x00002608        0x2 contiki-wismote.a(sicslowpan.o)
 .bss.hc06_ptr  0x0000260a        0x2 contiki-wismote.a(sicslowpan.o)
 .bss.context   0x0000260c        0x2 contiki-wismote.a(sicslowpan.o)
 .bss.last_rssi
                0x0000260e        0x2 contiki-wismote.a(sicslowpan.o)
 .bss.reass_timer
                0x00002610        0x8 contiki-wismote.a(sicslowpan.o)
 .bss.sicslowpan_len
                0x00002618        0x2 contiki-wismote.a(sicslowpan.o)
 .bss.processed_ip_in_len
                0x0000261a        0x2 contiki-wismote.a(sicslowpan.o)
 .bss.reass_tag
                0x0000261c        0x2 contiki-wismote.a(sicslowpan.o)
 .bss.sicslowpan_aligned_buf
                0x0000261e       0xf0 contiki-wismote.a(sicslowpan.o)
 .bss.uip_ext_opt_offset
                0x0000270e        0x1 contiki-wismote.a(uip6.o)
                0x0000270e                uip_ext_opt_offset
 .bss.uip_ext_len
                0x0000270f        0x1 contiki-wismote.a(uip6.o)
                0x0000270f                uip_ext_len
 .bss.uip_ext_bitmap
                0x00002710        0x1 contiki-wismote.a(uip6.o)
                0x00002710                uip_ext_bitmap
 .bss.c         0x00002711        0x1 contiki-wismote.a(uip6.o)
 .bss.lastport  0x00002712        0x2 contiki-wismote.a(uip6.o)
 .bss.iss       0x00002714        0x4 contiki-wismote.a(uip6.o)
 .bss.tmp16     0x00002718        0x2 contiki-wismote.a(uip6.o)
 .bss.opt       0x0000271a        0x1 contiki-wismote.a(uip6.o)
 *fill*         0x0000271b        0x1 00
 .bss.loc_fipaddr
                0x0000271c       0x10 contiki-wismote.a(uip-ds6.o)
 .bss.locaddr   0x0000272c        0x2 contiki-wismote.a(uip-ds6.o)
 .bss.locprefix
                0x0000272e        0x2 contiki-wismote.a(uip-ds6.o)
 .bss.locmaddr  0x00002730        0x2 contiki-wismote.a(uip-ds6.o)
 .bss._ds6_neighbors_mem
                0x00002732      0x438 contiki-wismote.a(uip-ds6-nbr.o)
 .bss.notificationlist_list
                0x00002b6a        0x2 contiki-wismote.a(uip-ds6-route.o)
 .bss.defaultrouterlist_list
                0x00002b6c        0x2 contiki-wismote.a(uip-ds6-route.o)
 .bss.routelist_list
                0x00002b6e        0x2 contiki-wismote.a(uip-ds6-route.o)
 .bss.num_routes
                0x00002b70        0x2 contiki-wismote.a(uip-ds6-route.o)
 .bss.routememb_memb_count
                0x00002b72       0x1e contiki-wismote.a(uip-ds6-route.o)
 .bss.routememb_memb_mem
                0x00002b90      0x384 contiki-wismote.a(uip-ds6-route.o)
 .bss.defaultroutermemb_memb_count
                0x00002f14        0x2 contiki-wismote.a(uip-ds6-route.o)
 .bss.defaultroutermemb_memb_mem
                0x00002f16       0x38 contiki-wismote.a(uip-ds6-route.o)
 .bss._nbr_routes_mem
                0x00002f4e       0x78 contiki-wismote.a(uip-ds6-route.o)
 .bss.neighborroutememb_memb_count
                0x00002fc6       0x1e contiki-wismote.a(uip-ds6-route.o)
 .bss.neighborroutememb_memb_mem
                0x00002fe4       0x78 contiki-wismote.a(uip-ds6-route.o)
 .bss.input_handler_list_list
                0x0000305c        0x2 contiki-wismote.a(uip-icmp6.o)
 .bss.tmp_ipaddr
                0x0000305e       0x10 contiki-wismote.a(uip-icmp6.o)
 .bss.echo_reply_callback_list_list
                0x0000306e        0x2 contiki-wismote.a(uip-icmp6.o)
 .bss.nd6_opt_offset
                0x00003070        0x1 contiki-wismote.a(uip-nd6.o)
 *fill*         0x00003071        0x1 00
 .bss.nd6_opt_llao
                0x00003072        0x2 contiki-wismote.a(uip-nd6.o)
 .bss.addr      0x00003074        0x2 contiki-wismote.a(uip-nd6.o)
 .bss.nbr       0x00003076        0x2 contiki-wismote.a(uip-nd6.o)
 .bss.defrt     0x00003078        0x2 contiki-wismote.a(uip-nd6.o)
 .bss.initialized.2772
                0x0000307a        0x1 contiki-wismote.a(csma.o)
 *fill*         0x0000307b        0x1 00
 .bss.seqno.2773
                0x0000307c        0x2 contiki-wismote.a(csma.o)
 .bss.neighbor_list_list
                0x0000307e        0x2 contiki-wismote.a(csma.o)
 .bss.neighbor_memb_memb_count
                0x00003080        0x2 contiki-wismote.a(csma.o)
 .bss.neighbor_memb_memb_mem
                0x00003082       0x50 contiki-wismote.a(csma.o)
 .bss.packet_memb_memb_count
                0x000030d2        0x8 contiki-wismote.a(csma.o)
 .bss.packet_memb_memb_mem
                0x000030da       0x30 contiki-wismote.a(csma.o)
 .bss.metadata_memb_memb_count
                0x0000310a        0x8 contiki-wismote.a(csma.o)
 .bss.metadata_memb_memb_mem
                0x00003112       0x40 contiki-wismote.a(csma.o)
 .bss.initialized
                0x00003152        0x1 contiki-wismote.a(framer-802154.o)
 .bss.mac_dsn   0x00003153        0x1 contiki-wismote.a(framer-802154.o)
 .bss.cycle_start
                0x00003154        0x2 contiki-wismote.a(contikimac.o)
 .bss.radio_is_on
                0x00003156        0x1 contiki-wismote.a(contikimac.o)
 .bss.we_are_sending
                0x00003157        0x1 contiki-wismote.a(contikimac.o)
 .bss.contikimac_keep_radio_on
                0x00003158        0x1 contiki-wismote.a(contikimac.o)
 .bss.contikimac_is_on
                0x00003159        0x1 contiki-wismote.a(contikimac.o)
 .bss.rt        0x0000315a        0x8 contiki-wismote.a(contikimac.o)
 .bss.pt        0x00003162        0x2 contiki-wismote.a(contikimac.o)
 .bss.packet_seen.3559
                0x00003164        0x1 contiki-wismote.a(contikimac.o)
 .bss.count.3561
                0x00003165        0x1 contiki-wismote.a(contikimac.o)
 .bss.t0.3560   0x00003166        0x2 contiki-wismote.a(contikimac.o)
 .bss.we_are_receiving_burst
                0x00003168        0x2 contiki-wismote.a(contikimac.o)
 .bss.start.3566
                0x0000316a        0x2 contiki-wismote.a(contikimac.o)
 .bss.silence_periods.3567
                0x0000316c        0x1 contiki-wismote.a(contikimac.o)
 .bss.periods.3568
                0x0000316d        0x1 contiki-wismote.a(contikimac.o)
 .bss.ct.3644   0x0000316e       0x16 contiki-wismote.a(contikimac.o)
 .bss.current_packet
                0x00003184        0x8 contiki-wismote.a(contikimac.o)
 .bss.mode      0x0000318c        0x2 contiki-wismote.a(rpl.o)
 .bss._rpl_parents_mem
                0x0000318e      0x12c contiki-wismote.a(rpl-dag.o)
 .bss.next_dis  0x000032ba        0x2 contiki-wismote.a(rpl-timers.o)
 .bss.periodic_timer
                0x000032bc       0x16 contiki-wismote.a(rpl-timers.o)
 .bss.dio_send_ok
                0x000032d2        0x1 contiki-wismote.a(rpl-timers.o)
 *fill*         0x000032d3        0x1 00
 .bss.last_listen.2233
                0x000032d4        0x4 contiki-wismote.a(compower.o)
 .bss.last_transmit.2234
                0x000032d8        0x4 contiki-wismote.a(compower.o)
 .bss.num_tables
                0x000032dc        0x2 contiki-wismote.a(nbr-table.o)
 .bss.all_tables
                0x000032de       0x10 contiki-wismote.a(nbr-table.o)
 .bss.used_map  0x000032ee       0x1e contiki-wismote.a(nbr-table.o)
 .bss.nbr_table_keys_list
                0x0000330c        0x2 contiki-wismote.a(nbr-table.o)
 .bss.locked_map
                0x0000330e       0x1e contiki-wismote.a(nbr-table.o)
 .bss.neighbor_addr_mem_memb_count
                0x0000332c       0x1e contiki-wismote.a(nbr-table.o)
 .bss.neighbor_addr_mem_memb_mem
                0x0000334a      0x12c contiki-wismote.a(nbr-table.o)
 .bss.received_seqnos
                0x00003476       0xa0 contiki-wismote.a(mac-sequence.o)
 .bss._nbr_phase_mem
                0x00003516      0x168 contiki-wismote.a(phase.o)
 .bss.queued_packets_memb_memb_count
                0x0000367e        0x8 contiki-wismote.a(phase.o)
 .bss.queued_packets_memb_memb_mem
                0x00003686      0x100 contiki-wismote.a(phase.o)
 .bss.destination_
                0x00003786        0x2 /usr/share/msp430/bin/../lib/gcc/msp430/4.7.0/../../../../msp430/lib/mcpu-430x/mmpy-16/msr20/mc20/libc.a(sprintf.o)
 .bss.available_
                0x00003788        0x2 /usr/share/msp430/bin/../lib/gcc/msp430/4.7.0/../../../../msp430/lib/mcpu-430x/mmpy-16/msr20/mc20/libc.a(sprintf.o)
 *(.near.bss .near.bss.*)
 *(COMMON)
 COMMON         0x0000378a        0x2 contiki-wismote.a(contiki-wismote)
                0x0000378a                sensors_flags
 COMMON         0x0000378c        0x1 contiki-wismote.a(sensors.o)
                0x0000378c                sensors_event
 *fill*         0x0000378d        0x1 00
 COMMON         0x0000378e       0x13 contiki-wismote.a(cc2520.o)
                0x0000378e                cc2520_sfd_counter
                0x00003790                cc2520_sfd_start_time
                0x00003792                cc2520_sfd_end_time
                0x00003794                cc2520_time_of_departure
                0x00003796                cc2520_packets_seen
                0x00003798                cc2520_packets_read
                0x0000379a                cc2520_last_rssi
                0x0000379c                cc2520_time_of_arrival
                0x0000379e                cc2520_authority_level_of_sender
                0x000037a0                cc2520_last_correlation
 *fill*         0x000037a1        0x1 00
 COMMON         0x000037a2        0x2 contiki-wismote.a(msp430.o)
                0x000037a2                msp430_dco_required
 COMMON         0x000037a4       0x56 contiki-wismote.a(energest.o)
                0x000037a4                energest_total_time
                0x000037d4                energest_total_count
                0x000037d6                energest_current_mode
                0x000037e2                energest_current_time
 COMMON         0x000037fa        0x1 contiki-wismote.a(process.o)
                0x000037fa                process_maxevents
 *fill*         0x000037fb        0x1 00
 COMMON         0x000037fc        0x8 contiki-wismote.a(linkaddr.o)
                0x000037fc                linkaddr_node_addr
 COMMON         0x00003804       0x50 contiki-wismote.a(packetbuf.o)
                0x00003804                packetbuf_addrs
                0x00003824                packetbuf_attrs
 COMMON         0x00003854        0x1 contiki-wismote.a(tcpip.o)
                0x00003854                tcpip_event
 *fill*         0x00003855        0x1 00
 COMMON         0x00003856        0x8 contiki-wismote.a(sicslowpan.o)
                0x00003856                frag_sender
 COMMON         0x0000385e      0x304 contiki-wismote.a(uip6.o)
                0x0000385e                uip_len
                0x00003860                uip_sappdata
                0x00003862                uip_acc32
                0x00003866                uip_lladdr
                0x0000386e                uip_aligned_buf
                0x0000395e                uip_flags
                0x00003960                uip_next_hdr
                0x00003962                uip_udp_conn
                0x00003964                uip_appdata
                0x00003966                uip_conn
                0x00003968                uip_conns
                0x00003a18                uip_listenports
                0x00003a28                uip_slen
                0x00003a2a                uip_udp_conns
 COMMON         0x00003b62      0x15c contiki-wismote.a(uip-ds6.o)
                0x00003b62                uip_ds6_timer_ra
                0x00003b6a                uip_ds6_if
                0x00003c56                uip_ds6_netif_addr_list_offset
                0x00003c57                uip_ds6_addr_size
                0x00003c58                uip_ds6_prefix_list
                0x00003cb2                uip_ds6_timer_periodic
 COMMON         0x00003cbe       0xd0 contiki-wismote.a(rpl-dag.o)
                0x00003cbe                default_instance
                0x00003cc0                instance_table
 COMMON         0x00003d8e        0x8 contiki-wismote.a(compower.o)
                0x00003d8e                compower_idle_activity
                0x00003d96                . = ALIGN (0x2)
                0x00003d96                __bss_end = .
                0x00002066                __bss_size = SIZEOF (.bss)

.noinit         0x00003d96        0x2 load address 0x000082be
                0x00003d96                . = ALIGN (0x2)
                0x00003d96                __noinit_start = .
 *(.noinit .noinit.*)
 .noinit.crt0   0x00003d96        0x2 /usr/share/msp430/bin/../lib/gcc/msp430/4.7.0/mcpu-430x/mmpy-16/msr20/mc20/libcrt0.a(__watchdog_support.o)
                0x00003d96                __wdt_clear_value
                0x00003d98                . = ALIGN (0x2)
                0x00003d98                __noinit_end = .
                0x00003d98                . = ALIGN (0x2)
                0x00003d98                _end = .

.infomem        0x00001800        0x0
                0x00001800                . = ALIGN (0x2)
 *(.infomem .infomem.*)

.infomemnobits  0x00001800        0x0
                0x00001800                . = ALIGN (0x2)
 *(.infomemnobits .infomemnobits.*)

.infoa          0x00001980        0x0
                0x00001980                . = ALIGN (0x2)
 *(.infoa .infoa.*)

.infob          0x00001900        0x0
                0x00001900                . = ALIGN (0x2)
 *(.infob .infob.*)

.infoc          0x00001880        0x0
                0x00001880                . = ALIGN (0x2)
 *(.infoc .infoc.*)

.infod          0x00001800        0x0
                0x00001800                . = ALIGN (0x2)
 *(.infod .infod.*)

.vectors        0x0000ff80       0x80
                0x0000ff80                __vectors_start = .
 *(.vectors*)
 .vectors       0x0000ff80       0x80 /usr/share/msp430/bin/../lib/gcc/msp430/4.7.0/mcpu-430x/mmpy-16/msr20/mc20/crt0ivtbl64.o
                0x0000ff80                __ivtbl_64
                0x00010000                _vectors_end = .

.fartext        0x00010000        0x0
                0x00010000                . = ALIGN (0x2)
 *(.fartext .fartext.*)

.far.text       0x00010000     0x9b20
                0x00010000                . = ALIGN (0x2)
 *(.far.text .far.text.*)
 .far.text.process_thread_udp_client_process
                0x00010000      0x29c udp-client.co
 .far.text.init_platform
                0x0001029c        0xc contiki-wismote.a(contiki-wismote)
                0x0001029c                init_platform
 .far.text.status
                0x000102a8       0x18 contiki-wismote.a(button-sensor.o)
 .far.text.value
                0x000102c0       0x20 contiki-wismote.a(button-sensor.o)
 .far.text.configure
                0x000102e0       0x4c contiki-wismote.a(button-sensor.o)
 .far.text.process_thread_sensors_process
                0x0001032c       0xc2 contiki-wismote.a(sensors.o)
 .far.text.sensors_changed
                0x000103ee       0x2a contiki-wismote.a(sensors.o)
                0x000103ee                sensors_changed
 .far.text.get_value
                0x00010418       0x4a contiki-wismote.a(cc2520.o)
 .far.text.get_object
                0x00010462        0x4 contiki-wismote.a(cc2520.o)
 .far.text.set_object
                0x00010466        0x4 contiki-wismote.a(cc2520.o)
 .far.text.cc2520_receiving_packet
                0x0001046a        0x8 contiki-wismote.a(cc2520.o)
 .far.text.pending_packet
                0x00010472        0xe contiki-wismote.a(cc2520.o)
 .far.text.status
                0x00010480       0x52 contiki-wismote.a(cc2520.o)
 .far.text.strobe
                0x000104d2       0x4e contiki-wismote.a(cc2520.o)
 .far.text.on   0x00010520       0x46 contiki-wismote.a(cc2520.o)
 .far.text.flushrx
                0x00010566       0xf2 contiki-wismote.a(cc2520.o)
 .far.text.off  0x00010658       0x72 contiki-wismote.a(cc2520.o)
 .far.text.RELEASE_LOCK
                0x000106ca       0x28 contiki-wismote.a(cc2520.o)
 .far.text.getrxdata
                0x000106f2       0x7e contiki-wismote.a(cc2520.o)
 .far.text.setreg
                0x00010770       0x6e contiki-wismote.a(cc2520.o)
 .far.text.cc2520_prepare
                0x000107de       0xde contiki-wismote.a(cc2520.o)
 .far.text.getreg
                0x000108bc       0x78 contiki-wismote.a(cc2520.o)
 .far.text.cc2520_on
                0x00010934       0x22 contiki-wismote.a(cc2520.o)
                0x00010934                cc2520_on
 .far.text.cc2520_off
                0x00010956       0x30 contiki-wismote.a(cc2520.o)
                0x00010956                cc2520_off
 .far.text.cc2520_cca
                0x00010986       0x76 contiki-wismote.a(cc2520.o)
 .far.text.cc2520_read
                0x000109fc       0xfe contiki-wismote.a(cc2520.o)
 .far.text.process_thread_cc2520_process
                0x00010afa       0x54 contiki-wismote.a(cc2520.o)
 .far.text.cc2520_set_channel
                0x00010b4e       0x78 contiki-wismote.a(cc2520.o)
                0x00010b4e                cc2520_set_channel
 .far.text.set_value
                0x00010bc6       0x3c contiki-wismote.a(cc2520.o)
 .far.text.cc2520_set_pan_addr
                0x00010c02      0x1aa contiki-wismote.a(cc2520.o)
                0x00010c02                cc2520_set_pan_addr
 .far.text.cc2520_init
                0x00010dac      0x17a contiki-wismote.a(cc2520.o)
                0x00010dac                cc2520_init
 .far.text.cc2520_interrupt
                0x00010f26       0x1c contiki-wismote.a(cc2520.o)
                0x00010f26                cc2520_interrupt
 .far.text.cc2520_get_txpower
                0x00010f42       0x1a contiki-wismote.a(cc2520.o)
                0x00010f42                cc2520_get_txpower
 .far.text.cc2520_transmit
                0x00010f5c      0x1d0 contiki-wismote.a(cc2520.o)
 .far.text.cc2520_send
                0x0001112c       0x12 contiki-wismote.a(cc2520.o)
 .far.text.cc2520_arch_init
                0x0001113e       0x48 contiki-wismote.a(cc2520-arch.o)
                0x0001113e                cc2520_arch_init
 .far.text.uart1_active
                0x00011186        0xe contiki-wismote.a(uart1.o)
                0x00011186                uart1_active
 .far.text.uart1_writeb
                0x00011194       0x16 contiki-wismote.a(uart1.o)
                0x00011194                uart1_writeb
 .far.text.uart1_init
                0x000111aa       0x64 contiki-wismote.a(uart1.o)
                0x000111aa                uart1_init
 .far.text.putchar
                0x0001120e       0x10 contiki-wismote.a(uart1-putchar.o)
                0x0001120e                putchar
 .far.text.msp430_init_dco
                0x0001121e       0x20 contiki-wismote.a(msp430.o)
                0x0001121e                msp430_init_dco
 .far.text.msp430_cpu_init
                0x0001123e       0x82 contiki-wismote.a(msp430.o)
                0x0001123e                msp430_cpu_init
 .far.text.splhigh_
                0x000112c0        0x8 contiki-wismote.a(msp430.o)
                0x000112c0                splhigh_
 .far.text.clock_time
                0x000112c8       0x1a contiki-wismote.a(clock.o)
                0x000112c8                clock_time
 .far.text.clock_init
                0x000112e2       0x28 contiki-wismote.a(clock.o)
                0x000112e2                clock_init
 .far.text.clock_delay
                0x0001130a        0xc contiki-wismote.a(clock.o)
                0x0001130a                clock_delay
 .far.text.clock_wait
                0x00011316       0x24 contiki-wismote.a(clock.o)
                0x00011316                clock_wait
 .far.text.clock_seconds
                0x0001133a       0x1a contiki-wismote.a(clock.o)
                0x0001133a                clock_seconds
 .far.text.show_leds
                0x00011354       0xe8 contiki-wismote.a(leds.o)
 .far.text.leds_init
                0x0001143c        0xa contiki-wismote.a(leds.o)
                0x0001143c                leds_init
 .far.text.leds_on
                0x00011446        0xa contiki-wismote.a(leds.o)
                0x00011446                leds_on
 .far.text.leds_off
                0x00011450        0xe contiki-wismote.a(leds.o)
                0x00011450                leds_off
 .far.text.leds_arch_init
                0x0001145e       0x22 contiki-wismote.a(leds-arch.o)
                0x0001145e                leds_arch_init
 .far.text.leds_arch_set
                0x00011480       0x4c contiki-wismote.a(leds-arch.o)
                0x00011480                leds_arch_set
 .far.text.watchdog_start
                0x000114cc       0x14 contiki-wismote.a(watchdog.o)
                0x000114cc                watchdog_start
 .far.text.watchdog_periodic
                0x000114e0       0x12 contiki-wismote.a(watchdog.o)
                0x000114e0                watchdog_periodic
 .far.text.watchdog_stop
                0x000114f2       0x16 contiki-wismote.a(watchdog.o)
                0x000114f2                watchdog_stop
 .far.text.watchdog_init
                0x00011508       0x12 contiki-wismote.a(watchdog.o)
                0x00011508                watchdog_init
 .far.text.rtimer_arch_init
                0x0001151a        0xe contiki-wismote.a(rtimer-arch.o)
                0x0001151a                rtimer_arch_init
 .far.text.rtimer_arch_now
                0x00011528        0xe contiki-wismote.a(rtimer-arch.o)
                0x00011528                rtimer_arch_now
 .far.text.rtimer_arch_schedule
                0x00011536        0x6 contiki-wismote.a(rtimer-arch.o)
                0x00011536                rtimer_arch_schedule
 .far.text.autostart_start
                0x0001153c       0x16 contiki-wismote.a(autostart.o)
                0x0001153c                autostart_start
 .far.text.process_thread_ctimer_process
                0x00011552       0xa0 contiki-wismote.a(ctimer.o)
 .far.text.ctimer_init
                0x000115f2       0x18 contiki-wismote.a(ctimer.o)
                0x000115f2                ctimer_init
 .far.text.ctimer_set
                0x0001160a       0x52 contiki-wismote.a(ctimer.o)
                0x0001160a                ctimer_set
 .far.text.ctimer_reset
                0x0001165c       0x36 contiki-wismote.a(ctimer.o)
                0x0001165c                ctimer_reset
 .far.text.ctimer_stop
                0x00011692       0x28 contiki-wismote.a(ctimer.o)
                0x00011692                ctimer_stop
 .far.text.energest_init
                0x000116ba       0x24 contiki-wismote.a(energest.o)
                0x000116ba                energest_init
 .far.text.energest_type_time
                0x000116de       0x3c contiki-wismote.a(energest.o)
                0x000116de                energest_type_time
 .far.text.energest_type_set
                0x0001171a        0xc contiki-wismote.a(energest.o)
                0x0001171a                energest_type_set
 .far.text.energest_flush
                0x00011726       0x38 contiki-wismote.a(energest.o)
                0x00011726                energest_flush
 .far.text.update_time
                0x0001175e       0x70 contiki-wismote.a(etimer.o)
 .far.text.etimer_request_poll
                0x000117ce        0xa contiki-wismote.a(etimer.o)
                0x000117ce                etimer_request_poll
 .far.text.process_thread_etimer_process
                0x000117d8       0xc4 contiki-wismote.a(etimer.o)
 .far.text.add_timer
                0x0001189c       0x40 contiki-wismote.a(etimer.o)
 .far.text.etimer_set
                0x000118dc       0x12 contiki-wismote.a(etimer.o)
                0x000118dc                etimer_set
 .far.text.etimer_reset
                0x000118ee       0x12 contiki-wismote.a(etimer.o)
                0x000118ee                etimer_reset
 .far.text.etimer_restart
                0x00011900       0x12 contiki-wismote.a(etimer.o)
                0x00011900                etimer_restart
 .far.text.etimer_expired
                0x00011912        0xe contiki-wismote.a(etimer.o)
                0x00011912                etimer_expired
 .far.text.etimer_expiration_time
                0x00011920       0x14 contiki-wismote.a(etimer.o)
                0x00011920                etimer_expiration_time
 .far.text.etimer_pending
                0x00011934        0xc contiki-wismote.a(etimer.o)
                0x00011934                etimer_pending
 .far.text.etimer_next_expiration_time
                0x00011940       0x16 contiki-wismote.a(etimer.o)
                0x00011940                etimer_next_expiration_time
 .far.text.etimer_stop
                0x00011956       0x3e contiki-wismote.a(etimer.o)
                0x00011956                etimer_stop
 .far.text.call_process
                0x00011994       0x40 contiki-wismote.a(process.o)
 .far.text.exit_process
                0x000119d4       0x88 contiki-wismote.a(process.o)
 .far.text.do_poll
                0x00011a5c       0x30 contiki-wismote.a(process.o)
 .far.text.process_alloc_event
                0x00011a8c        0xe contiki-wismote.a(process.o)
                0x00011a8c                process_alloc_event
 .far.text.process_init
                0x00011a9a       0x1c contiki-wismote.a(process.o)
                0x00011a9a                process_init
 .far.text.process_run
                0x00011ab6       0xa4 contiki-wismote.a(process.o)
                0x00011ab6                process_run
 .far.text.process_nevents
                0x00011b5a        0xe contiki-wismote.a(process.o)
                0x00011b5a                process_nevents
 .far.text.process_post
                0x00011b68       0x50 contiki-wismote.a(process.o)
                0x00011b68                process_post
 .far.text.process_post_synch
                0x00011bb8       0x12 contiki-wismote.a(process.o)
                0x00011bb8                process_post_synch
 .far.text.process_start
                0x00011bca       0x36 contiki-wismote.a(process.o)
                0x00011bca                process_start
 .far.text.process_poll
                0x00011c00       0x18 contiki-wismote.a(process.o)
                0x00011c00                process_poll
 .far.text.rtimer_init
                0x00011c18        0x6 contiki-wismote.a(rtimer.o)
                0x00011c18                rtimer_init
 .far.text.rtimer_set
                0x00011c1e       0x24 contiki-wismote.a(rtimer.o)
                0x00011c1e                rtimer_set
 .far.text.rtimer_run_next
                0x00011c42       0x26 contiki-wismote.a(rtimer.o)
                0x00011c42                rtimer_run_next
 .far.text.stimer_set
                0x00011c68       0x1c contiki-wismote.a(stimer.o)
                0x00011c68                stimer_set
 .far.text.stimer_reset
                0x00011c84        0xe contiki-wismote.a(stimer.o)
                0x00011c84                stimer_reset
 .far.text.stimer_restart
                0x00011c92       0x14 contiki-wismote.a(stimer.o)
                0x00011c92                stimer_restart
 .far.text.stimer_expired
                0x00011ca6       0x30 contiki-wismote.a(stimer.o)
                0x00011ca6                stimer_expired
 .far.text.timer_set
                0x00011cd6       0x1c contiki-wismote.a(timer.o)
                0x00011cd6                timer_set
 .far.text.timer_reset
                0x00011cf2        0xe contiki-wismote.a(timer.o)
                0x00011cf2                timer_reset
 .far.text.timer_restart
                0x00011d00       0x14 contiki-wismote.a(timer.o)
                0x00011d00                timer_restart
 .far.text.timer_expired
                0x00011d14       0x2a contiki-wismote.a(timer.o)
                0x00011d14                timer_expired
 .far.text.list_init
                0x00011d3e        0x6 contiki-wismote.a(list.o)
                0x00011d3e                list_init
 .far.text.list_head
                0x00011d44        0x4 contiki-wismote.a(list.o)
                0x00011d44                list_head
 .far.text.list_tail
                0x00011d48       0x12 contiki-wismote.a(list.o)
                0x00011d48                list_tail
 .far.text.list_remove
                0x00011d5a       0x34 contiki-wismote.a(list.o)
                0x00011d5a                list_remove
 .far.text.list_push
                0x00011d8e       0x16 contiki-wismote.a(list.o)
                0x00011d8e                list_push
 .far.text.list_add
                0x00011da4       0x26 contiki-wismote.a(list.o)
                0x00011da4                list_add
 .far.text.list_length
                0x00011dca       0x10 contiki-wismote.a(list.o)
                0x00011dca                list_length
 .far.text.list_item_next
                0x00011dda        0xc contiki-wismote.a(list.o)
                0x00011dda                list_item_next
 .far.text.random_rand
                0x00011de6        0x6 contiki-wismote.a(random.o)
                0x00011de6                random_rand
 .far.text.linkaddr_copy
                0x00011dec        0x8 contiki-wismote.a(linkaddr.o)
                0x00011dec                linkaddr_copy
 .far.text.linkaddr_cmp
                0x00011df4       0x12 contiki-wismote.a(linkaddr.o)
                0x00011df4                linkaddr_cmp
 .far.text.linkaddr_set_node_addr
                0x00011e06        0xc contiki-wismote.a(linkaddr.o)
                0x00011e06                linkaddr_set_node_addr
 .far.text.packetbuf_copyto_hdr
                0x00011e12       0x1c contiki-wismote.a(packetbuf.o)
                0x00011e12                packetbuf_copyto_hdr
 .far.text.packetbuf_copyto
                0x00011e2e       0x46 contiki-wismote.a(packetbuf.o)
                0x00011e2e                packetbuf_copyto
 .far.text.packetbuf_hdr_remove
                0x00011e74        0x6 contiki-wismote.a(packetbuf.o)
                0x00011e74                packetbuf_hdr_remove
 .far.text.packetbuf_hdrreduce
                0x00011e7a       0x1a contiki-wismote.a(packetbuf.o)
                0x00011e7a                packetbuf_hdrreduce
 .far.text.packetbuf_set_datalen
                0x00011e94        0x6 contiki-wismote.a(packetbuf.o)
                0x00011e94                packetbuf_set_datalen
 .far.text.packetbuf_dataptr
                0x00011e9a        0xe contiki-wismote.a(packetbuf.o)
                0x00011e9a                packetbuf_dataptr
 .far.text.packetbuf_hdrptr
                0x00011ea8        0xa contiki-wismote.a(packetbuf.o)
                0x00011ea8                packetbuf_hdrptr
 .far.text.packetbuf_is_reference
                0x00011eb2        0xe contiki-wismote.a(packetbuf.o)
                0x00011eb2                packetbuf_is_reference
 .far.text.packetbuf_compact
                0x00011ec0       0x48 contiki-wismote.a(packetbuf.o)
                0x00011ec0                packetbuf_compact
 .far.text.packetbuf_reference_ptr
                0x00011f08        0x6 contiki-wismote.a(packetbuf.o)
                0x00011f08                packetbuf_reference_ptr
 .far.text.packetbuf_datalen
                0x00011f0e        0x6 contiki-wismote.a(packetbuf.o)
                0x00011f0e                packetbuf_datalen
 .far.text.packetbuf_totlen
                0x00011f14       0x10 contiki-wismote.a(packetbuf.o)
                0x00011f14                packetbuf_totlen
 .far.text.packetbuf_hdralloc
                0x00011f24       0x2a contiki-wismote.a(packetbuf.o)
                0x00011f24                packetbuf_hdralloc
 .far.text.packetbuf_attr_clear
                0x00011f4e       0x2c contiki-wismote.a(packetbuf.o)
                0x00011f4e                packetbuf_attr_clear
 .far.text.packetbuf_clear
                0x00011f7a       0x1a contiki-wismote.a(packetbuf.o)
                0x00011f7a                packetbuf_clear
 .far.text.packetbuf_copyfrom
                0x00011f94       0x2a contiki-wismote.a(packetbuf.o)
                0x00011f94                packetbuf_copyfrom